--------- beginning of main
03-09 22:52:40.488  1380  1998 I ActivityManager: Broadcasting: Intent { act=com.onyx.fsk.SDK_HEARTBEAT flg=0x400000 (has extras) }
03-09 22:52:40.489  1380  1404 I ActivityManager: Broadcast completed: result=0
--------- beginning of system
03-09 22:52:40.490  1380  1998 I ActivityManager: Enqueued broadcast Intent { act=com.onyx.fsk.SDK_HEARTBEAT flg=0x400000 (has extras) }: 0
03-09 22:52:40.765  1380  1405 E ApplicationHelper: Fail to get PackageManager
03-09 22:52:40.766  1380  1998 W ProcessStats: Tracking association SourceState{b699de6 com.google.android.apps.wellbeing/10144 BTop #32897} whose proc state 2 is better than process ProcessState{eb1ecae com.google.android.gms.persistent/10146 pkg=com.google.android.gms (sub)} proc state 4 (11 skipped)
03-09 22:52:40.768   718   724 W statsd  : StateTracker not found for state atom 29
03-09 22:52:41.348  9789  9854 W BtGatt.ScanManager: Moving filtered scan client to downgraded scan (scannerId 1)
03-09 22:52:41.349  9789  9854 I bt_stack: [INFO:le_scanning_manager.cc(170)] Scan in shim layer stopped
03-09 22:52:41.350  9789  9854 I bt_stack: [INFO:le_scanning_manager.cc(348)] SetScanParameters in shim layer
03-09 22:52:41.350  9789  9835 I bluetooth: unregister_client: Client unregistered
03-09 22:52:41.350  9789  9854 I bt_stack: [INFO:le_scanning_manager.cc(170)] Scan in shim layer started
03-09 22:52:41.350  9789  9835 I bluetooth: unregister_client: Cancelled address rotation alarm
03-09 22:52:41.352  9789  9835 I bluetooth: stop_scan: Scanning already stopped, return!
03-09 22:52:41.353  9789  9835 I bluetooth: register_client: Scheduled address rotation for first client registered
03-09 22:52:41.353  9789  9835 I bluetooth: register_client: Client registered
03-09 22:52:41.592  1380  1998 I ActivityManager: Broadcasting: Intent { act=com.onyx.fsk.SDK_HEARTBEAT flg=0x400000 (has extras) }
03-09 22:52:41.593  1380  1404 I ActivityManager: Broadcast completed: result=0
03-09 22:52:41.593  1380  1998 I ActivityManager: Enqueued broadcast Intent { act=com.onyx.fsk.SDK_HEARTBEAT flg=0x400000 (has extras) }: 0
03-09 22:52:42.700  1380  1998 I ActivityManager: Broadcasting: Intent { act=com.onyx.fsk.SDK_HEARTBEAT flg=0x400000 (has extras) }
03-09 22:52:42.701  1380  1404 I ActivityManager: Broadcast completed: result=0
03-09 22:52:42.701  1380  1998 I ActivityManager: Enqueued broadcast Intent { act=com.onyx.fsk.SDK_HEARTBEAT flg=0x400000 (has extras) }: 0
03-09 22:52:43.014  1576  1576 I WifiHAL : Get link layer stats
03-09 22:52:43.014  1576  1576 I WifiHAL : GetLinkStatsCommand::create
03-09 22:52:43.015  1576  1576 I android.hardware.wifi@1.0-service-lazy: WifiCommand::requestResponse err=-14
03-09 22:52:43.015  1576  1576 I WifiHAL : wifi_get_link_stats: result=-1
03-09 22:52:43.016  1380  1510 E WifiStaIfaceHidlImpl: getLinkLayerStatsV1_5 failed with status: {.code = ERROR_UNKNOWN, .description = unknown}
03-09 22:52:43.077   755   755 I BufferQueueProducer: [StatusBar#1497](this:0xb400007576866fc8,id:-1,api:0,p:-1,c:755) queueBuffer: fps=0.33 dur=3036.08 max=3036.08 min=3036.08
03-09 22:52:43.081   733  1085 I hwcomposer: [HWCDisplay] [Display_0 (type:1)] fps:0.329356,dur:3036.23,max:3036.23,min:3036.23  
03-09 22:52:43.808  1380  1998 I ActivityManager: Broadcasting: Intent { act=com.onyx.fsk.SDK_HEARTBEAT flg=0x400000 (has extras) }
03-09 22:52:43.809  1380  1404 I ActivityManager: Broadcast completed: result=0
03-09 22:52:43.809  1380  1998 I ActivityManager: Enqueued broadcast Intent { act=com.onyx.fsk.SDK_HEARTBEAT flg=0x400000 (has extras) }: 0
03-09 22:52:44.917  1380  1998 I ActivityManager: Broadcasting: Intent { act=com.onyx.fsk.SDK_HEARTBEAT flg=0x400000 (has extras) }
03-09 22:52:44.917  1380  1404 I ActivityManager: Broadcast completed: result=0
03-09 22:52:44.918  1380  1998 I ActivityManager: Enqueued broadcast Intent { act=com.onyx.fsk.SDK_HEARTBEAT flg=0x400000 (has extras) }: 0
03-09 22:52:46.041  1576  1576 I WifiHAL : Get link layer stats
03-09 22:52:46.041  1576  1576 I WifiHAL : GetLinkStatsCommand::create
03-09 22:52:46.042  1576  1576 I android.hardware.wifi@1.0-service-lazy: WifiCommand::requestResponse err=-14
03-09 22:52:46.042  1576  1576 I WifiHAL : wifi_get_link_stats: result=-1
03-09 22:52:46.043  1380  1510 E WifiStaIfaceHidlImpl: getLinkLayerStatsV1_5 failed with status: {.code = ERROR_UNKNOWN, .description = unknown}
