03-09 23:04:14.969  1576  1576 I WifiHAL : wifi_get_link_stats: result=-1
03-09 23:04:14.969  1380  1510 E WifiStaIfaceHidlImpl: getLinkLayerStatsV1_5 failed with status: {.code = ERROR_UNKNOWN, .description = unknown}
03-09 23:04:16.155 26644 26644 I Choreographer: Skipped 437 frames!  The application may be doing too much work on its main thread.
03-09 23:04:16.397   755  2312 E BufferQueueDebug: [com.example.omnix_dashboard/com.example.omnix_dashboard.MainActivity#2242](this:0xb400007576809038,id:-1,api:0,p:-1,c:-1) id info cannot be read from 'com.example.omnix_dashboard/com.example.omnix_dashboard.MainActivity#2242'
03-09 23:04:16.397   755  2312 I BufferQueueDebug: [com.example.omnix_dashboard/com.example.omnix_dashboard.MainActivity#2242](this:0xb400007576809038,id:-1,api:0,p:-1,c:-1) BufferQueue core=(755:/system/bin/surfaceflinger)
03-09 23:04:16.401  1380  9071 W WindowManager: Changing focus from null to Window{22925cf u0 com.example.omnix_dashboard/com.example.omnix_dashboard.MainActivity} displayId=0 Callers=com.android.server.wm.RootWindowContainer.updateFocusedWindowLocked:455 com.android.server.wm.WindowManagerService.updateFocusedWindowLocked:6224 com.android.server.wm.WindowManagerService.relayoutWindow:2525 com.android.server.wm.Session.relayout:259 
03-09 23:04:16.402   755  2312 E BufferQueueDebug: [Surface(name=644a4 NavigationBar0)/@0x28bd233 - animation-leash of insets_animation#2243](this:0xb40000757674d118,id:-1,api:0,p:-1,c:-1) id info cannot be read from 'Surface(name=644a4 NavigationBar0)/@0x28bd233 - animation-leash of insets_animation#2243'
03-09 23:04:16.402   755  2312 I BufferQueueDebug: [Surface(name=644a4 NavigationBar0)/@0x28bd233 - animation-leash of insets_animation#2243](this:0xb40000757674d118,id:-1,api:0,p:-1,c:-1) BufferQueue core=(755:/system/bin/surfaceflinger)
03-09 23:04:16.403   733  1085 I hwcomposer: [HWCDisplay] [Display_0 (type:1)] fps:4.409286,dur:6350.23,max:5796.25,min:14.12  
03-09 23:04:16.404   755   879 E BufferQueueDebug: [Surface(name=cf97a2a StatusBar)/@0x60639f0 - animation-leash of insets_animation#2244](this:0xb4000075768a87b8,id:-1,api:0,p:-1,c:-1) id info cannot be read from 'Surface(name=cf97a2a StatusBar)/@0x60639f0 - animation-leash of insets_animation#2244'
03-09 23:04:16.404   755   879 I BufferQueueDebug: [Surface(name=cf97a2a StatusBar)/@0x60639f0 - animation-leash of insets_animation#2244](this:0xb4000075768a87b8,id:-1,api:0,p:-1,c:-1) BufferQueue core=(755:/system/bin/surfaceflinger)
03-09 23:04:16.406  1380  9071 I WindowManager: Relayout Window{22925cf u0 com.example.omnix_dashboard/com.example.omnix_dashboard.MainActivity}: oldVis=4 newVis=0 focusMayChange = true requestedWidth = 720 requestedHeight = 1560 outFrames = ClientWindowFrames{frame=[0,0][720,1560] display=[0,0][720,1560] parentFrame=[0,0][0,0]} outSurfaceControl = Surface(name=com.example.omnix_dashboard/com.example.omnix_dashboard.MainActivity)/@0xae0d163
03-09 23:04:16.417 26644 26644 E FBI     : Can't load library: dlopen failed: library "libmagtsync.so" not found
03-09 23:04:16.437   755   879 E HWComposer: getSupportedContentTypes: getSupportedContentTypes failed for display 0: Unsupported (8)
03-09 23:04:16.438 26644 26671 E OpenGLRenderer: Unable to match the desired swap behavior.
03-09 23:04:16.441   755   879 E BufferQueueDebug: [Bounds for - com.example.omnix_dashboard/com.example.omnix_dashboard.MainActivity#2245](this:0xb400007576891b38,id:-1,api:0,p:-1,c:-1) id info cannot be read from 'Bounds for - com.example.omnix_dashboard/com.example.omnix_dashboard.MainActivity#2245'
03-09 23:04:16.442   755   879 I BufferQueueDebug: [Bounds for - com.example.omnix_dashboard/com.example.omnix_dashboard.MainActivity#2245](this:0xb400007576891b38,id:-1,api:0,p:-1,c:-1) BufferQueue core=(755:/system/bin/surfaceflinger)
03-09 23:04:16.443   755   879 E BufferQueueDebug: [SurfaceView[com.example.omnix_dashboard/com.example.omnix_dashboard.MainActivity]#2246](this:0xb4000075768614a8,id:-1,api:0,p:-1,c:-1) id info cannot be read from 'SurfaceView[com.example.omnix_dashboard/com.example.omnix_dashboard.MainActivity]#2246'
03-09 23:04:16.443   755   879 I BufferQueueDebug: [SurfaceView[com.example.omnix_dashboard/com.example.omnix_dashboard.MainActivity]#2246](this:0xb4000075768614a8,id:-1,api:0,p:-1,c:-1) BufferQueue core=(755:/system/bin/surfaceflinger)
03-09 23:04:16.444   755   879 E BufferQueueDebug: [SurfaceView[com.example.omnix_dashboard/com.example.omnix_dashboard.MainActivity](BLAST)#2247](this:0xb4000075767b9478,id:-1,api:0,p:-1,c:-1) id info cannot be read from 'SurfaceView[com.example.omnix_dashboard/com.example.omnix_dashboard.MainActivity](BLAST)#2247'
03-09 23:04:16.445   755   879 I BufferQueueDebug: [SurfaceView[com.example.omnix_dashboard/com.example.omnix_dashboard.MainActivity](BLAST)#2247](this:0xb4000075767b9478,id:-1,api:0,p:-1,c:-1) BufferQueue core=(755:/system/bin/surfaceflinger)
03-09 23:04:16.446   755   879 E BufferQueueDebug: [Background for SurfaceView[com.example.omnix_dashboard/com.example.omnix_dashboard.MainActivity]#2248](this:0xb4000075767d89a8,id:-1,api:0,p:-1,c:-1) id info cannot be read from 'Background for SurfaceView[com.example.omnix_dashboard/com.example.omnix_dashboard.MainActivity]#2248'
03-09 23:04:16.446   755   879 I BufferQueueDebug: [Background for SurfaceView[com.example.omnix_dashboard/com.example.omnix_dashboard.MainActivity]#2248](this:0xb4000075767d89a8,id:-1,api:0,p:-1,c:-1) BufferQueue core=(755:/system/bin/surfaceflinger)
03-09 23:04:16.450   755   755 I BufferQueueDebug: [Surface(name=cf97a2a StatusBar)/@0x60639f0 - animation-leash of insets_animation#2239](this:0xb400007576830e18,id:-1,api:0,p:-1,c:755) onDestructor()
03-09 23:04:16.450   755   755 I BufferQueueDebug: [Surface(name=644a4 NavigationBar0)/@0x28bd233 - animation-leash of insets_animation#2238](this:0xb4000075768948c8,id:-1,api:0,p:-1,c:755) onDestructor()
03-09 23:04:16.456 26644 26677 E ion     : ioctl c0044901 failed with code -1: Invalid argument
03-09 23:04:16.457 26644 26677 W libc    : Access denied finding property "ro.vendor.mbrain.mode"
03-09 23:04:16.543 26644 26644 I ONYX_TELEMETRY: facade_ingest adapter=standard payloadKeys=[activity_state,battery_percent,captured_at_utc,gps_accuracy_meters,heart_rate,movement_level]
03-09 23:04:16.553 26644 26644 I ONYX_TELEMETRY: sdk_callback_received adapter=standard callback_count=1 captured_at_utc=2026-03-09T21:04:10Z
03-09 23:04:16.555  1380  1404 I ActivityManager: Broadcast completed: result=0
03-09 23:04:17.483 26644 26677 W libc    : Access denied finding property "ro.vendor.mbrain.mode"
03-09 23:04:17.500   733  1085 I hwcomposer: [HWCDisplay] [Display_0 (type:1)] fps:3.646282,dur:1097.01,max:1048.00,min:15.96  
03-09 23:04:17.560 26644 26644 I Choreographer: Skipped 71 frames!  The application may be doing too much work on its main thread.
03-09 23:04:17.607  1380  1998 W WindowManager: finishDrawingWindow: Window{22925cf u0 com.example.omnix_dashboard/com.example.omnix_dashboard.MainActivity} mDrawState=DRAW_PENDING
03-09 23:04:17.609   755   879 E BufferQueueDebug: [Surface(name=22925cf com.example.omnix_dashboard/com.example.omnix_dashboard.MainActivity)/@0x7178160 - animation-leash of starting_reveal#2249](this:0xb400007576872608,id:-1,api:0,p:-1,c:-1) id info cannot be read from 'Surface(name=22925cf com.example.omnix_dashboard/com.example.omnix_dashboard.MainActivity)/@0x7178160 - animation-leash of starting_reveal#2249'
03-09 23:04:17.610   755   879 I BufferQueueDebug: [Surface(name=22925cf com.example.omnix_dashboard/com.example.omnix_dashboard.MainActivity)/@0x7178160 - animation-leash of starting_reveal#2249](this:0xb400007576872608,id:-1,api:0,p:-1,c:-1) BufferQueue core=(755:/system/bin/surfaceflinger)
03-09 23:04:17.612  1380  1408 W WindowManager: real show surface:Surface(name=com.example.omnix_dashboard/com.example.omnix_dashboard.MainActivity)/@0xead8619
03-09 23:04:17.612  1380  1404 W ziparchive: Unable to open '/data/app/~~Ta_m-Qm2DB61wuQ3Ki2UBA==/com.example.omnix_dashboard-nF_gPLNm51XC-POwf-Rfrg==/base.dm': No such file or directory
03-09 23:04:17.621  1380  1404 I ActivityTaskManager: Displayed com.example.omnix_dashboard/.MainActivity for user 0: +9s432ms
03-09 23:04:17.622 26644 26662 I OpenGLRenderer: Davey! duration=1205ms; Flags=1, FrameTimelineVsyncId=805163, IntendedVsync=7522664676980, Vsync=7523827352177, InputEventId=0, HandleInputStart=7523828655985, AnimationStart=7523828673446, PerformTraversalsStart=7523828681446, DrawStart=7523854068600, FrameDeadline=7522684676980, FrameInterval=7523827654985, FrameStartTime=16375707, SyncQueued=7523857054677, SyncStart=7523859027600, IssueDrawCommandsStart=7523859992292, SwapBuffers=7523868150985, FrameCompleted=7523872499985, DequeueBufferDuration=0, QueueBufferDuration=1511770, GpuCompleted=7523872499985, SwapBuffersCompleted=7523871934754, DisplayPresentTime=0, CommandSubmissionCompleted=7523868150985, 
03-09 23:04:17.623  1380  1404 I ActivityTaskManager: Fully drawn com.example.omnix_dashboard/.MainActivity: +9s432ms
03-09 23:04:17.625  1380  1404 W ziparchive: Unable to open '/data/app/~~Ta_m-Qm2DB61wuQ3Ki2UBA==/com.example.omnix_dashboard-nF_gPLNm51XC-POwf-Rfrg==/base.dm': No such file or directory
03-09 23:04:17.638  1380  1402 I ImeTracker: com.example.omnix_dashboard:97fe9da8: onRequestHide at ORIGIN_SERVER_HIDE_INPUT reason HIDE_UNSPECIFIED_WINDOW
03-09 23:04:17.638  1380  1402 I ImeTracker: com.example.omnix_dashboard:97fe9da8: onCancelled at PHASE_SERVER_SHOULD_HIDE
03-09 23:04:17.642 21016 21052 E OpenGLRenderer: Unable to match the desired swap behavior.
03-09 23:04:17.651 22409 22409 I GoogleInputMethodService: GoogleInputMethodService.onFinishInput():3096 
03-09 23:04:17.653 22409 22409 I GoogleInputMethodService: GoogleInputMethodService.updateDeviceLockedStatus():2210 repeatCheckTimes = 0, locked = false
03-09 23:04:17.654 22409 22409 I GoogleInputMethodService: GoogleInputMethodService.onStartInput():1950 onStartInput(EditorInfo{EditorInfo{packageName=com.example.omnix_dashboard, inputType=0, inputTypeString=NULL, enableLearning=false, autoCorrection=false, autoComplete=false, imeOptions=0, privateImeOptions=null, actionName=UNSPECIFIED, actionLabel=null, initialSelStart=-1, initialSelEnd=-1, initialCapsMode=0, label=null, fieldId=0, fieldName=null, extras=null, hintText=null, hintLocales=[]}}, false)
03-09 23:04:17.656 22409 22409 I GoogleInputMethodService: GoogleInputMethodService.updateDeviceLockedStatus():2210 repeatCheckTimes = 1, locked = false
03-09 23:04:17.656   755   879 E BufferQueueDebug: [Surface(name=ff30f74 InputMethod)/@0x5413512 - animation-leash of insets_animation#2250](this:0xb400007576803518,id:-1,api:0,p:-1,c:-1) id info cannot be read from 'Surface(name=ff30f74 InputMethod)/@0x5413512 - animation-leash of insets_animation#2250'
03-09 23:04:17.656   755   879 I BufferQueueDebug: [Surface(name=ff30f74 InputMethod)/@0x5413512 - animation-leash of insets_animation#2250](this:0xb400007576803518,id:-1,api:0,p:-1,c:-1) BufferQueue core=(755:/system/bin/surfaceflinger)
03-09 23:04:17.657 22409 22409 I AndroidIME: InputBundleManager.loadActiveInputBundleId():450 loadActiveInputBundleId: und-Latn-x-password, password
03-09 23:04:17.659  1380  1455 W PackageConfigPersister: App-specific configuration not found for packageName: com.example.omnix_dashboard and userId: 0
03-09 23:04:17.661   755   755 I BufferQueueProducer: [StatusBar#1497](this:0xb400007576866fc8,id:-1,api:0,p:-1,c:755) queueBuffer: fps=0.07 dur=14697.06 max=14697.06 min=14697.06
03-09 23:04:17.662   755   755 I BufferQueueProducer: [Splash Screen com.example.omnix_dashboard#2234](this:0xb400007576822a48,id:-1,api:0,p:-1,c:755) queueBuffer: fps=0.11 dur=9345.07 max=9345.07 min=9345.07
03-09 23:04:17.678  1380  1455 I ActivityManager: Broadcasting: Intent { act=com.onyx.fsk.SDK_HEARTBEAT flg=0x400000 (has extras) }
03-09 23:04:17.679  1380  1455 I ActivityManager: Enqueued broadcast Intent { act=com.onyx.fsk.SDK_HEARTBEAT flg=0x400000 (has extras) }: 0
03-09 23:04:17.711   755   755 I BufferQueueDebug: [Surface(name=ff30f74 InputMethod)/@0x5413512 - animation-leash of insets_animation#2235](this:0xb400007576889288,id:-1,api:0,p:-1,c:755) onDestructor()
03-09 23:04:17.711 26644 26644 I ONYX_TELEMETRY: facade_ingest adapter=standard payloadKeys=[activity_state,battery_percent,captured_at_utc,gps_accuracy_meters,heart_rate,movement_level]
03-09 23:04:17.722 26644 26644 I ONYX_TELEMETRY: sdk_callback_received adapter=standard callback_count=2 captured_at_utc=2026-03-09T21:04:18Z
03-09 23:04:17.725  1380  1404 I ActivityManager: Broadcast completed: result=0
03-09 23:04:17.726   746   792 I mtkpower@impl: [setMode] type:5, enabled:0
03-09 23:04:17.727   746   850 I libPowerHal: [perfLockRel] hdl:1618, idx:0
03-09 23:04:17.729  1380  9071 I PowerHalWrapper: amsBoostNotify pid:2002,activity:com.android.searchlauncher.SearchLauncher, package:com.blackview.launcher, mProcessCreatePackcom.example.omnix_dashboard 
03-09 23:04:17.729  1380  9071 I PowerHalWrapper: state: 0 
03-09 23:04:17.730  1380  9071 I mtkpower_client: [Legacy][PowerHal_Wrap_notifyAppState] com.blackview.launcher/com.android.searchlauncher.SearchLauncher pid=2002 state:0
03-09 23:04:17.730   746   850 I libPowerHal: [perfNotifyAppState] pack:com.blackview.launcher, act:com.android.searchlauncher.SearchLauncher, state:0, pid:2002, uid:10172, fps:60
03-09 23:04:17.733  1380  9071 I PowerHalWrapper: amsBoostNotify AMS_BOOST_PROCESS_CREATE_BOOST:true 
03-09 23:04:17.735  1380  9071 I PowerHalWrapper: amsBoostStop AMS_BOOST_PACK_SWITCH:true, AMS_BOOST_ACT_SWITCH:false, AMS_BOOST_PROCESS_CREATE:true 
03-09 23:04:17.736   746   791 I mtkpower@impl: [mtkPowerHint] hint:22, hold:0, ext:30, ext_hold:2000
03-09 23:04:17.736  2002  2989 I GED     : ged_boost_gpu_freq, level 100, eOrigin 2, final_idx 2, oppidx_max 2, oppidx_min 0
03-09 23:04:17.736   746   791 I mtkpower@impl: [mtkPowerHint] hint:21, hold:6000, ext:30, ext_hold:35000
03-09 23:04:17.737  1380  1405 E ApplicationHelper: Fail to get PackageManager
03-09 23:04:17.737   746   850 I libPowerHal: [perfLockRel] hdl:1619, idx:2
03-09 23:04:17.738   746   850 I libPowerHal: [perfLockAcq] idx:0 hdl:1621 hint:30 pid:746 duration:2000 lock_user:mtkpower@1.0-se => ret_hdl:1621
03-09 23:04:17.739  1380  1405 E ApplicationHelper: Fail to get PackageManager
03-09 23:04:17.739  1380  1405 E ApplicationHelper: Fail to get PackageManager
03-09 23:04:17.739   746   850 E libPowerHal: Could not open '/proc/cpufreq/cpufreq_cci_mode'
03-09 23:04:17.739   746   850 E libPowerHal: error : 2, No such file or directory
03-09 23:04:17.740   746   850 E libPowerHal: Could not open '/proc/gpufreq/gpufreq_opp_freq'
03-09 23:04:17.740   746   850 E libPowerHal: error : 13, Permission denied
03-09 23:04:17.742   718   724 W statsd  : StateTracker not found for state atom 29
03-09 23:04:17.742   718   724 W statsd  : StateTracker not found for state atom 29
03-09 23:04:17.742   718   724 W statsd  : StateTracker not found for state atom 29
03-09 23:04:17.733   746   746 W mtkPowerMsgHdl: type=1400 audit(0.0:10065): avc:  denied  { write } for  name="gpufreq_opp_freq" dev="proc" ino=4026532213 scontext=u:r:mtk_hal_power:s0 tcontext=u:object_r:proc:s0 tclass=file permissive=0
03-09 23:04:17.744  1380  1405 E ApplicationHelper: Fail to get PackageManager
03-09 23:04:17.744  1380  1405 E ApplicationHelper: Fail to get PackageManager
03-09 23:04:17.745   746   850 E libPowerHal: Could not open '/sys/devices/system/cpu/sched/sched_boost'
03-09 23:04:17.745   746   850 E libPowerHal: error : 2, No such file or directory
03-09 23:04:17.749   746   746 W mtkPowerMsgHdl: type=1400 audit(0.0:10066): avc:  denied  { write } for  name="gpufreq_opp_freq" dev="proc" ino=4026532213 scontext=u:r:mtk_hal_power:s0 tcontext=u:object_r:proc:s0 tclass=file permissive=0
03-09 23:04:17.746 22840 22840 I A       : onStop
03-09 23:04:17.752  2002  2042 I ImeTracker: com.blackview.launcher:c8294cf1: onRequestHide at ORIGIN_CLIENT_HIDE_SOFT_INPUT reason HIDE_SOFT_INPUT
03-09 23:04:17.753  2002  2042 I ImeTracker: com.blackview.launcher:c8294cf1: onFailed at PHASE_CLIENT_VIEW_SERVED
03-09 23:04:17.753   746   850 I libPowerHal: [perfLockAcq] idx:3 hdl:1622 hint:21 pid:746 duration:6000 lock_user:mtkpower@1.0-se => ret_hdl:1622
03-09 23:04:17.754   746   850 E libPowerHal: Could not open '/proc/cpufreq/cpufreq_cci_mode'
03-09 23:04:17.754   746   850 E libPowerHal: error : 2, No such file or directory
03-09 23:04:17.754   746   850 E libPowerHal: Could not open '/proc/gpufreq/gpufreq_opp_freq'
03-09 23:04:17.754   746   850 E libPowerHal: error : 13, Permission denied
03-09 23:04:17.754   746   850 E libPowerHal: Could not open '/sys/devices/system/cpu/sched/sched_boost'
03-09 23:04:17.754   746   850 E libPowerHal: error : 2, No such file or directory
03-09 23:04:17.754   746   850 I libPowerHal: [perfLockRel] hdl:1620, idx:1
03-09 23:04:17.756   746   850 I libPowerHal: [perfLockAcq] idx:2 hdl:1623 hint:30 pid:746 duration:35000 lock_user:mtkpower@1.0-se => ret_hdl:1623
03-09 23:04:17.756   746   850 E libPowerHal: Could not open '/proc/cpufreq/cpufreq_cci_mode'
03-09 23:04:17.756   746   850 E libPowerHal: error : 2, No such file or directory
03-09 23:04:17.757   746   850 E libPowerHal: Could not open '/proc/gpufreq/gpufreq_opp_freq'
03-09 23:04:17.757   746   850 E libPowerHal: error : 13, Permission denied
03-09 23:04:17.753   746   746 W mtkPowerMsgHdl: type=1400 audit(0.0:10067): avc:  denied  { write } for  name="gpufreq_opp_freq" dev="proc" ino=4026532213 scontext=u:r:mtk_hal_power:s0 tcontext=u:object_r:proc:s0 tclass=file permissive=0
03-09 23:04:17.757   746   850 E libPowerHal: Could not open '/sys/devices/system/cpu/sched/sched_boost'
03-09 23:04:17.757   746   850 E libPowerHal: error : 2, No such file or directory
03-09 23:04:17.764  1380  1405 W System.err: android.content.pm.PackageManager$NameNotFoundException: ru.vk.store
03-09 23:04:17.764  1380  1405 W System.err: 	at android.app.ApplicationPackageManager.getPackageInfoAsUser(ApplicationPackageManager.java:256)
03-09 23:04:17.764  1380  1405 W System.err: 	at android.app.ApplicationPackageManager.getPackageInfo(ApplicationPackageManager.java:216)
03-09 23:04:17.764  1380  1405 W System.err: 	at android.app.ApplicationPackageManager.getPackageInfo(ApplicationPackageManager.java:210)
03-09 23:04:17.764  1380  1405 W System.err: 	at com.android.server.am.ActivityManagerService.hasRuApp(ActivityManagerService.java:1865)
03-09 23:04:17.765  1380  1405 W System.err: 	at com.android.server.am.ActivityManagerService.checkRuState(ActivityManagerService.java:1836)
03-09 23:04:17.765  1380  1405 W System.err: 	at com.android.server.am.ActivityManagerService.-$$Nest$mcheckRuState(ActivityManagerService.java:0)
03-09 23:04:17.765  1380  1405 W System.err: 	at com.android.server.am.ActivityManagerService$UiHandler.handleMessage(ActivityManagerService.java:1805)
03-09 23:04:17.765  1380  1405 W System.err: 	at android.os.Handler.dispatchMessage(Handler.java:106)
03-09 23:04:17.765  1380  1405 W System.err: 	at android.os.Looper.loopOnce(Looper.java:205)
03-09 23:04:17.765  1380  1405 W System.err: 	at android.os.Looper.loop(Looper.java:294)
03-09 23:04:17.765  1380  1405 W System.err: 	at android.os.HandlerThread.run(HandlerThread.java:67)
03-09 23:04:17.765  1380  1405 W System.err: 	at com.android.server.ServiceThread.run(ServiceThread.java:46)
03-09 23:04:17.765  1380  1405 W System.err: 	at com.android.server.UiThread.run(UiThread.java:45)
03-09 23:04:17.765  1380  1405 E ApplicationHelper: Fail to get PackageManager
03-09 23:04:17.765  1380  1405 E ApplicationHelper: Fail to get PackageManager
03-09 23:04:17.765  1380  1405 E ApplicationHelper: Fail to get PackageManager
03-09 23:04:17.765  1380  1405 E ApplicationHelper: Fail to get PackageManager
03-09 23:04:17.765  1380  1405 E ApplicationHelper: Fail to get PackageManager
03-09 23:04:17.765  1380  1405 E ApplicationHelper: Fail to get PackageManager
03-09 23:04:17.765  1380  1405 E ApplicationHelper: Fail to get PackageManager
03-09 23:04:17.765  1380  1405 E ApplicationHelper: Fail to get PackageManager
03-09 23:04:17.794   755   755 I BufferQueueDebug: [com.blackview.launcher/com.android.searchlauncher.SearchLauncher#2225](this:0xb400007576833ba8,id:-1,api:0,p:-1,c:755) onDestructor()
03-09 23:04:17.795   755   755 I BufferQueueDebug: [com.blackview.launcher/com.android.searchlauncher.SearchLauncher#2224](this:0xb40000757688eda8,id:-1,api:0,p:-1,c:755) onDestructor()
03-09 23:04:17.908  1380  1405 E ApplicationHelper: Fail to get PackageManager
03-09 23:04:17.909   718   724 W statsd  : StateTracker not found for state atom 29
03-09 23:04:17.942   755   879 E BufferQueueDebug: [Surface(name=fdb307a Splash Screen com.example.omnix_dashboard)/@0x13e0290 - animation-leash of window_animation#2251](this:0xb40000757688eda8,id:-1,api:0,p:-1,c:-1) id info cannot be read from 'Surface(name=fdb307a Splash Screen com.example.omnix_dashboard)/@0x13e0290 - animation-leash of window_animation#2251'
03-09 23:04:17.942   755   879 I BufferQueueDebug: [Surface(name=fdb307a Splash Screen com.example.omnix_dashboard)/@0x13e0290 - animation-leash of window_animation#2251](this:0xb40000757688eda8,id:-1,api:0,p:-1,c:-1) BufferQueue core=(755:/system/bin/surfaceflinger)
03-09 23:04:17.949 21016 21048 W WindowOnBackDispatcher: sendCancelIfRunning: isInProgress=falsecallback=android.view.ViewRootImpl$$ExternalSyntheticLambda17@7522f46
03-09 23:04:17.950  1380  1998 W InputManager-JNI: Input channel object 'fdb307a Splash Screen com.example.omnix_dashboard (client)' was disposed without first being removed with the input manager!
03-09 23:04:17.972   755   755 I BufferQueueProducer: [NavigationBar0#1493](this:0xb4000075767e6d78,id:-1,api:0,p:-1,c:755) queueBuffer: fps=5.58 dur=8249.71 max=7511.45 min=14.25
03-09 23:04:17.983  1576  1576 I WifiHAL : Get link layer stats
03-09 23:04:17.983  1576  1576 I WifiHAL : GetLinkStatsCommand::create
03-09 23:04:17.984  1576  1576 I android.hardware.wifi@1.0-service-lazy: WifiCommand::requestResponse err=-14
03-09 23:04:17.984  1576  1576 I WifiHAL : wifi_get_link_stats: result=-1
03-09 23:04:17.984  1380  1510 E WifiStaIfaceHidlImpl: getLinkLayerStatsV1_5 failed with status: {.code = ERROR_UNKNOWN, .description = unknown}
03-09 23:04:18.153   755   755 I BufferQueueDebug: [fdb307a Splash Screen com.example.omnix_dashboard#2233](this:0xb400007576814678,id:-1,api:0,p:-1,c:755) onDestructor()
03-09 23:04:18.154   755   755 I BufferQueueDebug: [Splash Screen com.example.omnix_dashboard#2234](this:0xb400007576822a48,id:-1,api:0,p:-1,c:755) onDestructor()
03-09 23:04:18.154   755   755 I BufferQueueDebug: [Surface(name=fdb307a Splash Screen com.example.omnix_dashboard)/@0x13e0290 - animation-leash of window_animation#2251](this:0xb40000757688eda8,id:-1,api:0,p:-1,c:755) onDestructor()
03-09 23:04:18.478   982   982 I thermal_repeater: [recvMdThermalInfo] ret=33, strLen=127,  0, 32767, -127, 0, 32767, -28543
03-09 23:04:18.484   746   835 I libPerfCtl: xgfGetFPS pid:21016 fps:64
03-09 23:04:18.485   746   835 I libPerfCtl: xgfGetFPS pid:26644 fps:12
03-09 23:04:18.514   733  1085 I hwcomposer: [HWCDisplay] [Display_0 (type:1)] fps:52.268532,dur:1013.99,max:120.20,min:11.37  
03-09 23:04:18.739  1380  1589 I mtkpower_client: perf_lock_acq, hdl:1615, dur:3000, num:2, pid:1380, tid:1589
03-09 23:04:18.740  1380  1589 I mtkpower_client: ret_hdl:1624
03-09 23:04:18.740  1380  1589 I mtkpower_client: perf_lock_rel, hdl:1624, tid:1589
03-09 23:04:18.740   746   850 I libPowerHal: [perfLockAcq] idx:1 hdl:1624 hint:-1 pid:1380 duration:3000 lock_user:system_server => ret_hdl:1624
03-09 23:04:18.737   746   746 W mtkPowerMsgHdl: type=1400 audit(0.0:10068): avc:  denied  { write } for  name="gpufreq_opp_freq" dev="proc" ino=4026532213 scontext=u:r:mtk_hal_power:s0 tcontext=u:object_r:proc:s0 tclass=file permissive=0
03-09 23:04:18.740   746   850 E libPowerHal: Could not open '/proc/cpufreq/cpufreq_cci_mode'
03-09 23:04:18.740   746   850 E libPowerHal: error : 2, No such file or directory
03-09 23:04:18.740   746   850 E libPowerHal: Could not open '/proc/gpufreq/gpufreq_opp_freq'
03-09 23:04:18.740   746   850 E libPowerHal: error : 13, Permission denied
03-09 23:04:18.740   746   850 E libPowerHal: Could not open '/sys/devices/system/cpu/sched/sched_boost'
03-09 23:04:18.740   746   850 E libPowerHal: error : 2, No such file or directory
03-09 23:04:18.740   746   850 I SbeHandle: end_default_hold_time HindID : 21
03-09 23:04:18.740   746   850 I libPowerHal: [disableScenarioByHintId] Disable HindID : 21
03-09 23:04:18.741   746   850 I libPowerHal: [disableScenarioByHintId] disableScenarioByHintId: HindID : 21
03-09 23:04:18.741   746   850 I libPowerHal: MTKPOWER_HINT_PROCESS_CREATE: cpu_ctrl set cpu freq: -1 -1 -1 -1
03-09 23:04:18.741   746   850 I libPowerHal: [PD] MTKPOWER_HINT_PROCESS_CREATE update cmd:1000000, param:1
03-09 23:04:18.741   746   850 I libPowerHal: [PD] MTKPOWER_HINT_PROCESS_CREATE update cmd:1408300 param:40
03-09 23:04:18.742   746   850 I libPowerHal: [PD] MTKPOWER_HINT_PROCESS_CREATE update cmd:1000000 param:1
03-09 23:04:18.742   746   850 I libPowerHal: [PE] system_server update cmd:3410300 param:21
03-09 23:04:18.742   746   850 I libPowerHal: [perfLockRel] hdl:1624, idx:1
03-09 23:04:18.743   746   850 I SbeHandle: end_default_hold_time HindID : 21
03-09 23:04:18.743   746   850 I libPowerHal: [disableScenarioByHintId] Disable HindID : 21
03-09 23:04:18.743   746   850 I libPowerHal: [PD] system_server update ONESHOT cmd:3410300 param:21
03-09 23:04:18.846  1380  1402 I ActivityManager: Broadcasting: Intent { act=com.onyx.fsk.SDK_HEARTBEAT flg=0x400000 (has extras) }
03-09 23:04:18.848  1380  1402 I ActivityManager: Enqueued broadcast Intent { act=com.onyx.fsk.SDK_HEARTBEAT flg=0x400000 (has extras) }: 0
03-09 23:04:18.850 26644 26644 I ONYX_TELEMETRY: facade_ingest adapter=standard payloadKeys=[activity_state,battery_percent,captured_at_utc,gps_accuracy_meters,heart_rate,movement_level]
03-09 23:04:18.863 26644 26644 I ONYX_TELEMETRY: sdk_callback_received adapter=standard callback_count=3 captured_at_utc=2026-03-09T21:04:19Z
03-09 23:04:18.864  1380  1404 I ActivityManager: Broadcast completed: result=0
03-09 23:04:18.973   755   755 I BufferQueueProducer: [NavigationBar0#1493](this:0xb4000075767e6d78,id:-1,api:0,p:-1,c:755) queueBuffer: fps=60.97 dur=1000.43 max=20.04 min=13.75
03-09 23:04:19.485   746   835 I libPerfCtl: xgfGetFPS pid:21016 fps:45
03-09 23:04:19.531   733  1085 I hwcomposer: [HWCDisplay] [Display_0 (type:1)] fps:46.201370,dur:1017.29,max:80.98,min:12.47  
03-09 23:04:19.746   746   850 I mtkpower@impl: [powerd_req] TIMER_MSG_PERF_LOCK_TIMEOUT hdl:1621
03-09 23:04:19.746   746   850 I libPowerHal: [perfLockRel] hdl:1621, idx:0
03-09 23:04:19.976  1380  1402 I ActivityManager: Broadcasting: Intent { act=com.onyx.fsk.SDK_HEARTBEAT flg=0x400000 (has extras) }
03-09 23:04:19.978  1380  1402 I ActivityManager: Enqueued broadcast Intent { act=com.onyx.fsk.SDK_HEARTBEAT flg=0x400000 (has extras) }: 0
03-09 23:04:19.980 26644 26644 I ONYX_TELEMETRY: facade_ingest adapter=standard payloadKeys=[activity_state,battery_percent,captured_at_utc,gps_accuracy_meters,heart_rate,movement_level]
03-09 23:04:19.990 26644 26644 I ONYX_TELEMETRY: sdk_callback_received adapter=standard callback_count=4 captured_at_utc=2026-03-09T21:04:20Z
03-09 23:04:19.992  1380  1404 I ActivityManager: Broadcast completed: result=0
03-09 23:04:21.000  1576  1576 I WifiHAL : Get link layer stats
03-09 23:04:21.001  1576  1576 I WifiHAL : GetLinkStatsCommand::create
03-09 23:04:21.001  1576  1576 I android.hardware.wifi@1.0-service-lazy: WifiCommand::requestResponse err=-14
03-09 23:04:21.001  1576  1576 I WifiHAL : wifi_get_link_stats: result=-1
03-09 23:04:21.002  1380  1510 E WifiStaIfaceHidlImpl: getLinkLayerStatsV1_5 failed with status: {.code = ERROR_UNKNOWN, .description = unknown}
03-09 23:04:21.068   755   755 I BufferQueueProducer: [StatusBar#1497](this:0xb400007576866fc8,id:-1,api:0,p:-1,c:755) queueBuffer: fps=4.99 dur=3406.20 max=2766.80 min=14.32
03-09 23:04:21.070   733  1085 I hwcomposer: [HWCDisplay] [Display_0 (type:1)] fps:0.649825,dur:1538.88,max:1538.88,min:1538.88  
03-09 23:04:21.104  1380  1402 I ActivityManager: Broadcasting: Intent { act=com.onyx.fsk.SDK_HEARTBEAT flg=0x400000 (has extras) }
03-09 23:04:21.106  1380  1402 I ActivityManager: Enqueued broadcast Intent { act=com.onyx.fsk.SDK_HEARTBEAT flg=0x400000 (has extras) }: 0
03-09 23:04:21.108 26644 26644 I ONYX_TELEMETRY: facade_ingest adapter=standard payloadKeys=[activity_state,battery_percent,captured_at_utc,gps_accuracy_meters,heart_rate,movement_level]
03-09 23:04:21.118 26644 26644 I ONYX_TELEMETRY: sdk_callback_received adapter=standard callback_count=5 captured_at_utc=2026-03-09T21:04:21Z
03-09 23:04:21.119  1380  1404 I ActivityManager: Broadcast completed: result=0
