03-09 23:03:06.959  1380  2006 I ImeTracker: com.blackview.launcher:eb46c2d1: onCancelled at PHASE_SERVER_SHOULD_HIDE
03-09 23:03:06.964  1380  1405 E ApplicationHelper: Fail to get PackageManager
03-09 23:03:06.964  1380  1405 E ApplicationHelper: Fail to get PackageManager
03-09 23:03:06.965  1380  1405 E ApplicationHelper: Fail to get PackageManager
03-09 23:03:06.965  1380  1405 E ApplicationHelper: Fail to get PackageManager
03-09 23:03:06.965  1380  1405 E ApplicationHelper: Fail to get PackageManager
03-09 23:03:06.965  1380  1405 E ApplicationHelper: Fail to get PackageManager
03-09 23:03:06.965  1380  1405 E ApplicationHelper: Fail to get PackageManager
03-09 23:03:06.965  1380  1405 E ApplicationHelper: Fail to get PackageManager
03-09 23:03:06.965  1380  1405 E ApplicationHelper: Fail to get PackageManager
03-09 23:03:06.977  1380  1405 W System.err: android.content.pm.PackageManager$NameNotFoundException: ru.vk.store
03-09 23:03:06.977  1380  1405 W System.err: 	at android.app.ApplicationPackageManager.getPackageInfoAsUser(ApplicationPackageManager.java:256)
03-09 23:03:06.977  1380  1405 W System.err: 	at android.app.ApplicationPackageManager.getPackageInfo(ApplicationPackageManager.java:216)
03-09 23:03:06.977  1380  1405 W System.err: 	at android.app.ApplicationPackageManager.getPackageInfo(ApplicationPackageManager.java:210)
03-09 23:03:06.977  1380  1405 W System.err: 	at com.android.server.am.ActivityManagerService.hasRuApp(ActivityManagerService.java:1865)
03-09 23:03:06.977  1380  1405 W System.err: 	at com.android.server.am.ActivityManagerService.checkRuState(ActivityManagerService.java:1836)
03-09 23:03:06.977  1380  1405 W System.err: 	at com.android.server.am.ActivityManagerService.-$$Nest$mcheckRuState(ActivityManagerService.java:0)
03-09 23:03:06.977  1380  1405 W System.err: 	at com.android.server.am.ActivityManagerService$UiHandler.handleMessage(ActivityManagerService.java:1805)
03-09 23:03:06.977  1380  1405 W System.err: 	at android.os.Handler.dispatchMessage(Handler.java:106)
03-09 23:03:06.977  1380  1405 W System.err: 	at android.os.Looper.loopOnce(Looper.java:205)
03-09 23:03:06.977  1380  1405 W System.err: 	at android.os.Looper.loop(Looper.java:294)
03-09 23:03:06.977  1380  1405 W System.err: 	at android.os.HandlerThread.run(HandlerThread.java:67)
03-09 23:03:06.977  1380  1405 W System.err: 	at com.android.server.ServiceThread.run(ServiceThread.java:46)
03-09 23:03:06.977  1380  1405 W System.err: 	at com.android.server.UiThread.run(UiThread.java:45)
03-09 23:03:06.978  1380  1405 E ApplicationHelper: Fail to get PackageManager
03-09 23:03:06.978  1380  1405 E ApplicationHelper: Fail to get PackageManager
03-09 23:03:06.978  1380  1405 E ApplicationHelper: Fail to get PackageManager
03-09 23:03:06.978  1380  1405 E ApplicationHelper: Fail to get PackageManager
03-09 23:03:06.978  1380  1405 E ApplicationHelper: Fail to get PackageManager
03-09 23:03:06.978  1380  1405 E ApplicationHelper: Fail to get PackageManager
03-09 23:03:06.978  1380  1405 E ApplicationHelper: Fail to get PackageManager
03-09 23:03:06.978  1380  1405 E ApplicationHelper: Fail to get PackageManager
03-09 23:03:06.996 21016 21016 I hct_torch: [onReceive]intent=Intent { act=android.intent.action.BATTERY_CHANGED flg=0x60000010 (has extras) }
03-09 23:03:07.001   755   755 I BufferQueueDebug: [com.blackview.launcher/com.android.searchlauncher.SearchLauncher#2196](this:0xb40000757674d118,id:-1,api:0,p:-1,c:755) onDestructor()
03-09 23:03:07.002   755   755 I BufferQueueDebug: [com.blackview.launcher/com.android.searchlauncher.SearchLauncher#2195](this:0xb4000075768614a8,id:-1,api:0,p:-1,c:755) onDestructor()
03-09 23:03:07.212 22192 22203 W gle.android.gms: ApkAssets: Deleting an ApkAssets object '<empty> and /data/app/~~Ta_m-Qm2DB61wuQ3Ki2UBA==/com.example.omnix_dashboard-nF_gPLNm51XC-POwf-Rfrg==/base.apk' with 1 weak references
03-09 23:03:07.842 26497 26533 W libc    : Access denied finding property "ro.vendor.mbrain.mode"
03-09 23:03:07.859   733  1085 I hwcomposer: [HWCDisplay] [Display_0 (type:1)] fps:5.453714,dur:1100.17,max:853.23,min:15.17  
03-09 23:03:07.917 26497 26497 I Choreographer: Skipped 71 frames!  The application may be doing too much work on its main thread.
03-09 23:03:07.971  1380  4998 W WindowManager: finishDrawingWindow: Window{369a942 u0 com.example.omnix_dashboard/com.example.omnix_dashboard.MainActivity} mDrawState=DRAW_PENDING
03-09 23:03:07.973   755  2312 E BufferQueueDebug: [Surface(name=369a942 com.example.omnix_dashboard/com.example.omnix_dashboard.MainActivity)/@0x67e5916 - animation-leash of starting_reveal#2221](this:0xb400007576855e68,id:-1,api:0,p:-1,c:-1) id info cannot be read from 'Surface(name=369a942 com.example.omnix_dashboard/com.example.omnix_dashboard.MainActivity)/@0x67e5916 - animation-leash of starting_reveal#2221'
03-09 23:03:07.974   755  2312 I BufferQueueDebug: [Surface(name=369a942 com.example.omnix_dashboard/com.example.omnix_dashboard.MainActivity)/@0x67e5916 - animation-leash of starting_reveal#2221](this:0xb400007576855e68,id:-1,api:0,p:-1,c:-1) BufferQueue core=(755:/system/bin/surfaceflinger)
03-09 23:03:07.976 26497 26514 I OpenGLRenderer: Davey! duration=1212ms; Flags=1, FrameTimelineVsyncId=802243, IntendedVsync=7453019673974, Vsync=7454182143697, InputEventId=0, HandleInputStart=7454185538442, AnimationStart=7454185552827, PerformTraversalsStart=7454185560519, DrawStart=7454213227981, FrameDeadline=7453039673974, FrameInterval=7454184663673, FrameStartTime=16372813, SyncQueued=7454215572519, SyncStart=7454218266981, IssueDrawCommandsStart=7454219501827, SwapBuffers=7454230086365, FrameCompleted=7454235125134, DequeueBufferDuration=0, QueueBufferDuration=1849769, GpuCompleted=7454235125134, SwapBuffersCompleted=7454234171981, DisplayPresentTime=0, CommandSubmissionCompleted=7454230086365, 
03-09 23:03:07.976  1380  1404 W ziparchive: Unable to open '/data/app/~~Ta_m-Qm2DB61wuQ3Ki2UBA==/com.example.omnix_dashboard-nF_gPLNm51XC-POwf-Rfrg==/base.dm': No such file or directory
03-09 23:03:07.977  1380  1408 W WindowManager: real show surface:Surface(name=com.example.omnix_dashboard/com.example.omnix_dashboard.MainActivity)/@0xff4d297
03-09 23:03:07.989  1380  1404 I ActivityTaskManager: Displayed com.example.omnix_dashboard/.MainActivity for user 0: +11s341ms
03-09 23:03:07.991  1380  1404 I ActivityTaskManager: Fully drawn com.example.omnix_dashboard/.MainActivity: +11s341ms
03-09 23:03:07.992  1380  1404 W ziparchive: Unable to open '/data/app/~~Ta_m-Qm2DB61wuQ3Ki2UBA==/com.example.omnix_dashboard-nF_gPLNm51XC-POwf-Rfrg==/base.dm': No such file or directory
03-09 23:03:07.995  1380  4742 I PowerHalWrapper: amsBoostStop AMS_BOOST_PACK_SWITCH:true, AMS_BOOST_ACT_SWITCH:false, AMS_BOOST_PROCESS_CREATE:true 
03-09 23:03:07.997   746   850 I libPowerHal: [perfLockRel] hdl:1613, idx:-1
03-09 23:03:08.002   746   850 I libPowerHal: [perfLockRel] hdl:1614, idx:-1
03-09 23:03:08.004  1380  2006 I ImeTracker: com.example.omnix_dashboard:d31916cf: onRequestHide at ORIGIN_SERVER_HIDE_INPUT reason HIDE_UNSPECIFIED_WINDOW
03-09 23:03:08.005  1380  2006 I ImeTracker: com.example.omnix_dashboard:d31916cf: onCancelled at PHASE_SERVER_SHOULD_HIDE
03-09 23:03:08.020   755   755 I BufferQueueProducer: [Splash Screen com.example.omnix_dashboard#2207](this:0xb400007576800788,id:-1,api:0,p:-1,c:755) queueBuffer: fps=0.09 dur=11202.44 max=11202.44 min=11202.44
03-09 23:03:08.021 22409 22409 I GoogleInputMethodService: GoogleInputMethodService.onFinishInput():3096 
03-09 23:03:08.025 22409 22409 I GoogleInputMethodService: GoogleInputMethodService.updateDeviceLockedStatus():2210 repeatCheckTimes = 0, locked = false
03-09 23:03:08.026 22409 22409 I GoogleInputMethodService: GoogleInputMethodService.onStartInput():1950 onStartInput(EditorInfo{EditorInfo{packageName=com.example.omnix_dashboard, inputType=0, inputTypeString=NULL, enableLearning=false, autoCorrection=false, autoComplete=false, imeOptions=0, privateImeOptions=null, actionName=UNSPECIFIED, actionLabel=null, initialSelStart=-1, initialSelEnd=-1, initialCapsMode=0, label=null, fieldId=0, fieldName=null, extras=null, hintText=null, hintLocales=[]}}, false)
03-09 23:03:08.027   755  2312 E BufferQueueDebug: [Surface(name=ff30f74 InputMethod)/@0x5413512 - animation-leash of insets_animation#2222](this:0xb4000075768614a8,id:-1,api:0,p:-1,c:-1) id info cannot be read from 'Surface(name=ff30f74 InputMethod)/@0x5413512 - animation-leash of insets_animation#2222'
03-09 23:03:08.027   755  2312 I BufferQueueDebug: [Surface(name=ff30f74 InputMethod)/@0x5413512 - animation-leash of insets_animation#2222](this:0xb4000075768614a8,id:-1,api:0,p:-1,c:-1) BufferQueue core=(755:/system/bin/surfaceflinger)
03-09 23:03:08.028 22409 22409 I GoogleInputMethodService: GoogleInputMethodService.updateDeviceLockedStatus():2210 repeatCheckTimes = 1, locked = false
03-09 23:03:08.029 22409 22409 I AndroidIME: InputBundleManager.loadActiveInputBundleId():450 loadActiveInputBundleId: und-Latn-x-password, password
03-09 23:03:08.031  1380  2006 W PackageConfigPersister: App-specific configuration not found for packageName: com.example.omnix_dashboard and userId: 0
03-09 23:03:08.043  1380  9071 I ActivityManager: Broadcasting: Intent { act=com.onyx.fsk.SDK_HEARTBEAT flg=0x400000 (has extras) }
03-09 23:03:08.045  1380  9071 I ActivityManager: Enqueued broadcast Intent { act=com.onyx.fsk.SDK_HEARTBEAT flg=0x400000 (has extras) }: 0
03-09 23:03:08.067   755   755 I BufferQueueProducer: [StatusBar#1497](this:0xb400007576866fc8,id:-1,api:0,p:-1,c:755) queueBuffer: fps=0.23 dur=8596.76 max=8023.84 min=572.92
03-09 23:03:08.067   755   755 I BufferQueueDebug: [Surface(name=ff30f74 InputMethod)/@0x5413512 - animation-leash of insets_animation#2202](this:0xb40000757688eda8,id:-1,api:0,p:-1,c:755) onDestructor()
03-09 23:03:08.099 26497 26497 I ONYX_TELEMETRY: facade_ingest adapter=standard payloadKeys=[activity_state,battery_percent,captured_at_utc,gps_accuracy_meters,heart_rate,movement_level]
03-09 23:03:08.107 26497 26497 I ONYX_TELEMETRY: sdk_callback_received adapter=standard callback_count=2 captured_at_utc=2026-03-09T21:03:08Z
03-09 23:03:08.110  1380  1404 I ActivityManager: Broadcast completed: result=0
03-09 23:03:08.345   982   982 I thermal_repeater: [recvMdThermalInfo] ret=33, strLen=127,  0, 32767, -127, 0, 32767, -28543
03-09 23:03:08.348  1380  1405 E ApplicationHelper: Fail to get PackageManager
03-09 23:03:08.350   718   724 W statsd  : StateTracker not found for state atom 29
03-09 23:03:08.382   755  2312 E BufferQueueDebug: [Surface(name=46d72e8 Splash Screen com.example.omnix_dashboard)/@0xb1a63ab - animation-leash of window_animation#2223](this:0xb40000757688eda8,id:-1,api:0,p:-1,c:-1) id info cannot be read from 'Surface(name=46d72e8 Splash Screen com.example.omnix_dashboard)/@0xb1a63ab - animation-leash of window_animation#2223'
03-09 23:03:08.382   755  2312 I BufferQueueDebug: [Surface(name=46d72e8 Splash Screen com.example.omnix_dashboard)/@0xb1a63ab - animation-leash of window_animation#2223](this:0xb40000757688eda8,id:-1,api:0,p:-1,c:-1) BufferQueue core=(755:/system/bin/surfaceflinger)
03-09 23:03:08.390 21016 21048 W WindowOnBackDispatcher: sendCancelIfRunning: isInProgress=falsecallback=android.view.ViewRootImpl$$ExternalSyntheticLambda17@f04d883
03-09 23:03:08.392  1380  4998 W InputManager-JNI: Input channel object '46d72e8 Splash Screen com.example.omnix_dashboard (client)' was disposed without first being removed with the input manager!
03-09 23:03:08.443   755   755 I BufferQueueProducer: [NavigationBar0#1493](this:0xb4000075767e6d78,id:-1,api:0,p:-1,c:755) queueBuffer: fps=4.38 dur=10265.51 max=9543.97 min=14.21
03-09 23:03:08.477  1576  1576 I WifiHAL : Get link layer stats
03-09 23:03:08.477  1576  1576 I WifiHAL : GetLinkStatsCommand::create
03-09 23:03:08.477  1576  1576 I android.hardware.wifi@1.0-service-lazy: WifiCommand::requestResponse err=-14
03-09 23:03:08.477  1576  1576 I WifiHAL : wifi_get_link_stats: result=-1
03-09 23:03:08.478  1380  1510 E WifiStaIfaceHidlImpl: getLinkLayerStatsV1_5 failed with status: {.code = ERROR_UNKNOWN, .description = unknown}
03-09 23:03:08.575   755   755 I BufferQueueDebug: [Splash Screen com.example.omnix_dashboard#2207](this:0xb400007576800788,id:-1,api:0,p:-1,c:755) onDestructor()
03-09 23:03:08.576   755   755 I BufferQueueDebug: [46d72e8 Splash Screen com.example.omnix_dashboard#2206](this:0xb400007576833ba8,id:-1,api:0,p:-1,c:755) onDestructor()
03-09 23:03:08.577   755   755 I BufferQueueDebug: [Surface(name=46d72e8 Splash Screen com.example.omnix_dashboard)/@0xb1a63ab - animation-leash of window_animation#2223](this:0xb40000757688eda8,id:-1,api:0,p:-1,c:755) onDestructor()
03-09 23:03:08.843   746   835 I libPerfCtl: xgfGetFPS pid:21016 fps:62
03-09 23:03:08.873   733  1085 I hwcomposer: [HWCDisplay] [Display_0 (type:1)] fps:54.250790,dur:1013.81,max:111.96,min:10.89  
03-09 23:03:08.999  1380  1589 I mtkpower_client: perf_lock_acq, hdl:1607, dur:3000, num:2, pid:1380, tid:1589
03-09 23:03:09.001  1380  1589 I mtkpower_client: ret_hdl:1615
03-09 23:03:09.001  1380  1589 I mtkpower_client: perf_lock_rel, hdl:1615, tid:1589
03-09 23:03:09.001   746   850 I libPowerHal: [perfLockAcq] idx:0 hdl:1615 hint:-1 pid:1380 duration:3000 lock_user:system_server => ret_hdl:1615
03-09 23:03:08.997   746   746 W mtkPowerMsgHdl: type=1400 audit(0.0:10058): avc:  denied  { write } for  name="gpufreq_opp_freq" dev="proc" ino=4026532213 scontext=u:r:mtk_hal_power:s0 tcontext=u:object_r:proc:s0 tclass=file permissive=0
03-09 23:03:09.002   746   850 E libPowerHal: Could not open '/proc/cpufreq/cpufreq_cci_mode'
03-09 23:03:09.002   746   850 E libPowerHal: error : 2, No such file or directory
03-09 23:03:09.002   746   850 E libPowerHal: Could not open '/proc/gpufreq/gpufreq_opp_freq'
03-09 23:03:09.002   746   850 E libPowerHal: error : 13, Permission denied
03-09 23:03:09.007   746   850 E libPowerHal: Could not open '/sys/devices/system/cpu/sched/sched_boost'
03-09 23:03:09.007   746   850 E libPowerHal: error : 2, No such file or directory
03-09 23:03:09.008   746   850 I SbeHandle: end_default_hold_time HindID : 21
03-09 23:03:09.008   746   850 I libPowerHal: [disableScenarioByHintId] Disable HindID : 21
03-09 23:03:09.008   746   850 I libPowerHal: [PE] system_server update cmd:3410300 param:21
03-09 23:03:09.009   746   850 I libPowerHal: [perfLockRel] hdl:1615, idx:0
03-09 23:03:09.011   746   850 I SbeHandle: end_default_hold_time HindID : 21
03-09 23:03:09.011   746   850 I libPowerHal: [disableScenarioByHintId] Disable HindID : 21
03-09 23:03:09.011   746   850 I libPowerHal: [PD] system_server update ONESHOT cmd:3410300 param:21
03-09 23:03:09.227  1380  9071 I ActivityManager: Broadcasting: Intent { act=com.onyx.fsk.SDK_HEARTBEAT flg=0x400000 (has extras) }
03-09 23:03:09.228  1380  9071 I ActivityManager: Enqueued broadcast Intent { act=com.onyx.fsk.SDK_HEARTBEAT flg=0x400000 (has extras) }: 0
03-09 23:03:09.231 26497 26497 I ONYX_TELEMETRY: facade_ingest adapter=standard payloadKeys=[activity_state,battery_percent,captured_at_utc,gps_accuracy_meters,heart_rate,movement_level]
03-09 23:03:09.237 26497 26497 I ONYX_TELEMETRY: sdk_callback_received adapter=standard callback_count=3 captured_at_utc=2026-03-09T21:03:09Z
03-09 23:03:09.239  1380  1404 I ActivityManager: Broadcast completed: result=0
03-09 23:03:09.460   755   755 I BufferQueueProducer: [NavigationBar0#1493](this:0xb4000075767e6d78,id:-1,api:0,p:-1,c:755) queueBuffer: fps=59.97 dur=1017.25 max=36.51 min=14.07
03-09 23:03:09.843   746   835 I libPerfCtl: xgfGetFPS pid:21016 fps:53
03-09 23:03:09.969   733  1085 I hwcomposer: [HWCDisplay] [Display_0 (type:1)] fps:50.146957,dur:1096.78,max:98.44,min:13.33  
03-09 23:03:10.348  1380  9071 I ActivityManager: Broadcasting: Intent { act=com.onyx.fsk.SDK_HEARTBEAT flg=0x400000 (has extras) }
03-09 23:03:10.349  1380  9071 I ActivityManager: Enqueued broadcast Intent { act=com.onyx.fsk.SDK_HEARTBEAT flg=0x400000 (has extras) }: 0
03-09 23:03:10.352 26497 26497 I ONYX_TELEMETRY: facade_ingest adapter=standard payloadKeys=[activity_state,battery_percent,captured_at_utc,gps_accuracy_meters,heart_rate,movement_level]
03-09 23:03:10.359 26497 26497 I ONYX_TELEMETRY: sdk_callback_received adapter=standard callback_count=4 captured_at_utc=2026-03-09T21:03:10Z
03-09 23:03:10.361  1380  1404 I ActivityManager: Broadcast completed: result=0
03-09 23:03:10.844   746   835 I libPerfCtl: xgfGetFPS pid:21016 fps:15
03-09 23:03:11.471  1380  9071 I ActivityManager: Broadcasting: Intent { act=com.onyx.fsk.SDK_HEARTBEAT flg=0x400000 (has extras) }
03-09 23:03:11.472  1380  9071 I ActivityManager: Enqueued broadcast Intent { act=com.onyx.fsk.SDK_HEARTBEAT flg=0x400000 (has extras) }: 0
03-09 23:03:11.475 26497 26497 I ONYX_TELEMETRY: facade_ingest adapter=standard payloadKeys=[activity_state,battery_percent,captured_at_utc,gps_accuracy_meters,heart_rate,movement_level]
03-09 23:03:11.483 26497 26497 I ONYX_TELEMETRY: sdk_callback_received adapter=standard callback_count=5 captured_at_utc=2026-03-09T21:03:11Z
03-09 23:03:11.485  1380  1404 I ActivityManager: Broadcast completed: result=0
03-09 23:03:11.501  1576  1576 I WifiHAL : Get link layer stats
03-09 23:03:11.501  1576  1576 I WifiHAL : GetLinkStatsCommand::create
03-09 23:03:11.501  1576  1576 I android.hardware.wifi@1.0-service-lazy: WifiCommand::requestResponse err=-14
03-09 23:03:11.501  1576  1576 I WifiHAL : wifi_get_link_stats: result=-1
03-09 23:03:11.502  1380  1510 E WifiStaIfaceHidlImpl: getLinkLayerStatsV1_5 failed with status: {.code = ERROR_UNKNOWN, .description = unknown}
