--------- beginning of main
03-09 23:02:56.241  1380  1491 I InputReader: Reconfiguring input devices, changes=KEYBOARD_LAYOUTS
--------- beginning of system
03-09 23:02:56.253  1380  1380 E ApplicationHelper: Fail to get PackageManager
03-09 23:02:56.253  1380  1380 E AppStateIntentReceiver: notifyChange failed
03-09 23:02:56.253  1380  1405 E ApplicationHelper: Fail to get PackageManager
03-09 23:02:56.258  1380  1405 E ApplicationHelper: Fail to get PackageManager
03-09 23:02:56.259   718   724 W statsd  : StateTracker not found for state atom 29
03-09 23:02:56.262  1380  1405 E ApplicationHelper: Fail to get PackageManager
03-09 23:02:56.269 18335 19165 I PermissionControllerServiceImpl: Updating user sensitive for uid 10212
03-09 23:02:56.283  1380  1415 W WindowMagnificationMgr: requestConnection duplicated request: connect=false, mConnectionState=DISCONNECTED
03-09 23:02:56.291  1380  1415 W WindowMagnificationMgr: requestConnection duplicated request: connect=false, mConnectionState=DISCONNECTED
03-09 23:02:56.294  1380  1380 W AlarmManager: Package com.example.omnix_dashboard, uid 10212 lost permission to set exact alarms!
03-09 23:02:56.295  1380  1405 E ApplicationHelper: Fail to get PackageManager
03-09 23:02:56.305  2637  2637 W MediaProvider: WorkProfileOwnerApps cache is empty
03-09 23:02:56.311 21016 21016 I com.bv.systemui.util.BvClearAppNotification: onReceive rmPkgName=com.example.omnix_dashboard
03-09 23:02:56.317 21016 21016 I com.bv.systemui.util.BvClearAppNotification: onReceive addPkgName=com.example.omnix_dashboard
03-09 23:02:56.322 22388 22388 I Finsky  : [2] aidf - Received: android.intent.action.PACKAGE_REMOVED, [7VBo4n0L8vtzgS2ktveygymMrF4l39nqWMnUAHtNUG0]
03-09 23:02:56.327 24987 24987 I Finsky:background: [2] aicv - Received: android.intent.action.PACKAGE_REMOVED, [7VBo4n0L8vtzgS2ktveygymMrF4l39nqWMnUAHtNUG0]
03-09 23:02:56.331  2658  2658 I GsaVoiceInteractionSrv: (REDACTED) O received %s
03-09 23:02:56.343  1380  1563 I SdkSandboxManager: No SDKs used. Skipping SDK data reconcilation for CallingInfo{mUid=10212, mPackageName='com.example.omnix_dashboard, mAppProcessToken='null'}
03-09 23:02:56.346  1380  1525 E AppOps  : attributionTag VCN not declared in manifest of android
03-09 23:02:56.346  1380  1405 E ApplicationHelper: Fail to get PackageManager
03-09 23:02:56.347  1380  1405 E ApplicationHelper: Fail to get PackageManager
03-09 23:02:56.348  1380  1405 E ApplicationHelper: Fail to get PackageManager
03-09 23:02:56.350   718   724 W statsd  : StateTracker not found for state atom 29
03-09 23:02:56.351   718   724 W statsd  : StateTracker not found for state atom 29
03-09 23:02:56.353  1380  1380 E ApplicationHelper: Fail to get PackageManager
03-09 23:02:56.353  1380  1380 E AppStateIntentReceiver: notifyChange failed
03-09 23:02:56.355  2658  2658 I GsaVoiceInteractionSrv: (REDACTED) O received %s
03-09 23:02:56.358  1380  1404 W Looper  : Drained
03-09 23:02:56.360  2658  2658 I GsaVoiceInteractionSrv: (REDACTED) O received %s
03-09 23:02:56.361 24987 24987 I Finsky:background: [2] aicv - Received: android.intent.action.PACKAGE_ADDED, [7VBo4n0L8vtzgS2ktveygymMrF4l39nqWMnUAHtNUG0]
03-09 23:02:56.361  1380  1491 I InputReader: Reconfiguring input devices, changes=KEYBOARD_LAYOUTS
03-09 23:02:56.366 22388 22388 I Finsky  : [2] aidf - Received: android.intent.action.PACKAGE_ADDED, [7VBo4n0L8vtzgS2ktveygymMrF4l39nqWMnUAHtNUG0]
03-09 23:02:56.371 24987 25077 I Finsky:background: [114] IQ:PSL: skipping onPackageRemoved(replacing=true) for untracked package=com.example.omnix_dashboard
03-09 23:02:56.371  1380  1405 E ApplicationHelper: Fail to get PackageManager
03-09 23:02:56.375  1380  1405 E ApplicationHelper: Fail to get PackageManager
03-09 23:02:56.379 22388 26452 I Finsky  : [260] SCH: Received scheduling request: Id: 12-1, Constraints: [{ L: 15000, D: 86400000, C: CHARGING_NONE, I: IDLE_NONE, N: NET_ANY, B: BATTERY_ANY }]
03-09 23:02:56.385 24987 24987 I Finsky:background: [2] aicv - Received: android.intent.action.PACKAGE_ADDED, [7VBo4n0L8vtzgS2ktveygymMrF4l39nqWMnUAHtNUG0]
03-09 23:02:56.389 22388 22388 I Finsky  : [2] DTU: Received onPackageAdded, replacing: true
03-09 23:02:56.389  1380  1405 E ApplicationHelper: Fail to get PackageManager
03-09 23:02:56.398 24987 26447 I Finsky:background: [171] Wrote row to frosting DB: 358
03-09 23:02:56.400  1576  1576 I WifiHAL : Get link layer stats
03-09 23:02:56.400  1576  1576 I WifiHAL : GetLinkStatsCommand::create
03-09 23:02:56.400  1576  1576 I android.hardware.wifi@1.0-service-lazy: WifiCommand::requestResponse err=-14
03-09 23:02:56.400  1576  1576 I WifiHAL : wifi_get_link_stats: result=-1
03-09 23:02:56.401  1380  1510 E WifiStaIfaceHidlImpl: getLinkLayerStatsV1_5 failed with status: {.code = ERROR_UNKNOWN, .description = unknown}
03-09 23:02:56.401 24987 24987 I Finsky:background: [2] aicv - Deduping intent android.intent.action.PACKAGE_ADDED
03-09 23:02:56.401 22388 22388 I Finsky  : [2] aidf - Received: android.intent.action.PACKAGE_ADDED, [7VBo4n0L8vtzgS2ktveygymMrF4l39nqWMnUAHtNUG0]
03-09 23:02:56.403 24987 24987 I Finsky:background: [2] aicv - Received: android.intent.action.PACKAGE_ADDED, [7VBo4n0L8vtzgS2ktveygymMrF4l39nqWMnUAHtNUG0]
03-09 23:02:56.409 22388 26452 I Finsky  : [260] SCH: Received scheduling request: Id: 12-1, Constraints: [{ L: 15000, D: 86400000, C: CHARGING_NONE, I: IDLE_NONE, N: NET_ANY, B: BATTERY_ANY }]
03-09 23:02:56.410 24987 24987 I Finsky:background: [2] aicv - Deduping intent android.intent.action.PACKAGE_ADDED
03-09 23:02:56.411 24987 25082 I Finsky:background: [117] RECEIVER_PACKAGE_MONITOR_BACKGROUND#logWorkEndAndFinishGoAsync: SUCCESS
03-09 23:02:56.414  1380  1405 E ApplicationHelper: Fail to get PackageManager
03-09 23:02:56.414 22388 22388 I Finsky  : [2] aidf - Deduping intent android.intent.action.PACKAGE_ADDED
03-09 23:02:56.415  1380  1405 E ApplicationHelper: Fail to get PackageManager
03-09 23:02:56.417 22388 22388 I Finsky  : [2] aidf - Received: android.intent.action.PACKAGE_ADDED, [7VBo4n0L8vtzgS2ktveygymMrF4l39nqWMnUAHtNUG0]
03-09 23:02:56.424  1380  1405 E ApplicationHelper: Fail to get PackageManager
03-09 23:02:56.425 22388 22388 I Finsky  : [2] aidf - Deduping intent android.intent.action.PACKAGE_ADDED
03-09 23:02:56.425 22388 22439 I Finsky  : [110] RECEIVER_PACKAGE_MONITOR#logWorkEndAndFinishGoAsync: SUCCESS
03-09 23:02:56.429  1380  1405 E ApplicationHelper: Fail to get PackageManager
03-09 23:02:56.431  1380  1405 E ApplicationHelper: Fail to get PackageManager
03-09 23:02:56.434  1380  1405 E ApplicationHelper: Fail to get PackageManager
03-09 23:02:56.441 22840 22971 W SearchServiceCore: Abort, client detached.
03-09 23:02:56.442 22840 22971 W SearchServiceCore: Abort, client detached.
03-09 23:02:56.443  1380  1405 E ApplicationHelper: Fail to get PackageManager
03-09 23:02:56.445 22840 22971 W SearchServiceCore: Abort, client detached.
03-09 23:02:56.450  1380  1405 E ApplicationHelper: Fail to get PackageManager
03-09 23:02:56.450  1380  1405 E ApplicationHelper: Fail to get PackageManager
03-09 23:02:56.452   718   724 W statsd  : StateTracker not found for state atom 29
03-09 23:02:56.457  1380  1405 E ApplicationHelper: Fail to get PackageManager
03-09 23:02:56.466  1380  2680 I ActivityManager: Force stopping com.example.omnix_dashboard appid=10212 user=0: from pid 26465
03-09 23:02:56.470  1380  1405 E ApplicationHelper: Fail to get PackageManager
03-09 23:02:56.470  1380  1405 E ApplicationHelper: Fail to get PackageManager
03-09 23:02:56.470  1380  1405 E ApplicationHelper: Fail to get PackageManager
03-09 23:02:56.470  1380  1405 E ApplicationHelper: Fail to get PackageManager
03-09 23:02:56.470  1380  1405 E ApplicationHelper: Fail to get PackageManager
03-09 23:02:56.470  1380  1405 E ApplicationHelper: Fail to get PackageManager
03-09 23:02:56.470  1380  1405 E ApplicationHelper: Fail to get PackageManager
03-09 23:02:56.470  1380  1405 E ApplicationHelper: Fail to get PackageManager
03-09 23:02:56.470  1380  1405 E ApplicationHelper: Fail to get PackageManager
03-09 23:02:56.470  1380  1405 E ApplicationHelper: Fail to get PackageManager
03-09 23:02:56.470  1380  1405 E ApplicationHelper: Fail to get PackageManager
03-09 23:02:56.470  1380  1405 E ApplicationHelper: Fail to get PackageManager
03-09 23:02:56.470  1380  1405 E ApplicationHelper: Fail to get PackageManager
03-09 23:02:56.476  1380  1405 E ApplicationHelper: Fail to get PackageManager
03-09 23:02:56.479  1380  1405 E ApplicationHelper: Fail to get PackageManager
03-09 23:02:56.480 22172 26467 I ProximityAuth: [RecentAppsMediator] Package added: (user=UserHandle{0}) com.example.omnix_dashboard
03-09 23:02:56.494  1380  1405 E ApplicationHelper: Fail to get PackageManager
03-09 23:02:56.494  1380  1405 E ApplicationHelper: Fail to get PackageManager
03-09 23:02:56.494  1380  1405 E ApplicationHelper: Fail to get PackageManager
03-09 23:02:56.494  1380  1405 E ApplicationHelper: Fail to get PackageManager
03-09 23:02:56.500 22192 26469 I Auth    : (REDACTED) [SupervisedAccountIntentOperation] onHandleIntent: %s
03-09 23:02:56.507  1380  2006 I PackageManager: pkgName null , isCallerSameApp : false
03-09 23:02:56.521  1380  1405 E ApplicationHelper: Fail to get PackageManager
03-09 23:02:56.528 22388 22452 I Finsky  : [118] WM::SCH: Logging work initialize for 12-1
03-09 23:02:56.533 24987 26447 I Finsky:background: [171] Wrote row to frosting DB: 359
03-09 23:02:56.540 22192 26471 I NearbyDiscovery: (REDACTED) processGrantSlicePermission: %s
03-09 23:02:56.548 22172 26463 I Fitness : (REDACTED) FitCleanupIntentOperation received Intent %s
03-09 23:02:56.553  1880  1922 I SecureElement-Terminal-SIM2: isNfcEventAllowed: No access rules for checking.
03-09 23:02:56.559  1380  1405 E ApplicationHelper: Fail to get PackageManager
03-09 23:02:56.566 22388 22452 I Finsky  : [118] WM::SCH: Logging work initialize for 12-1
03-09 23:02:56.583  1380  1405 E ApplicationHelper: Fail to get PackageManager
03-09 23:02:56.590  1380  1998 I PackageManager: pkgName null , isCallerSameApp : false
03-09 23:02:56.607  1380  1405 E ApplicationHelper: Fail to get PackageManager
03-09 23:02:56.609 22388 22455 I Finsky  : [120] SCH: Scheduling phonesky job Id: 12-1, CT: 1773090176409, Constraints: [{ L: 15000, D: 86400000, C: CHARGING_NONE, I: IDLE_NONE, N: NET_ANY, B: BATTERY_ANY }]
03-09 23:02:56.611 24987 26447 I Finsky:background: [171] Wrote row to frosting DB: 360
03-09 23:02:56.611 22192 26471 W SQLiteLog: (28) double-quoted string literal: "com.example.omnix_dashboard"
03-09 23:02:56.621  1380  1405 E ApplicationHelper: Fail to get PackageManager
03-09 23:02:56.623 22388 22477 I Finsky  : [132] SCH: Scheduling 1 system job(s)
03-09 23:02:56.623 22388 22477 I Finsky  : [132] SCH: Scheduling system job Id: 9318, L: 14786, D: 76356476, C: false, I: false, N: 1
03-09 23:02:56.632  1380  4742 I PackageManager: pkgName null , isCallerSameApp : false
03-09 23:02:56.634  1380  1998 I PackageManager: pkgName null , isCallerSameApp : false
03-09 23:02:56.636  1380  1998 W ActivityTaskManager: callingPackage for (uid=2000, pid=26492) has no WPC
03-09 23:02:56.649 24987 26447 I Finsky:background: [171] Wrote row to frosting DB: 361
03-09 23:02:56.650 22388 22454 I Finsky  : [119] [ContentSync] finished, scheduled=true
03-09 23:02:56.652 22388 22468 I Finsky  : [126] SCH: Scheduling phonesky job Id: 12-1, CT: 1773090176379, Constraints: [{ L: 15000, D: 86400000, C: CHARGING_NONE, I: IDLE_NONE, N: NET_ANY, B: BATTERY_ANY }]
03-09 23:02:56.659 22388 22476 I Finsky  : [131] SCH: Scheduling 1 system job(s)
03-09 23:02:56.665  1380  1401 I PackageManager: pkgName null , isCallerSameApp : false
03-09 23:02:56.666 24987 26447 I Finsky:background: [171] Wrote row to frosting DB: 362
03-09 23:02:56.666  1380  1397 I system_server: Background young concurrent copying GC freed 70287(3299KB) AllocSpace objects, 5(100KB) LOS objects, 7% free, 34MB/37MB, paused 761us,903us total 111.895ms
03-09 23:02:56.669 22388 22476 I Finsky  : [131] SCH: Scheduling system job Id: 9318, L: 14719, D: 76356439, C: false, I: false, N: 1
03-09 23:02:56.671   755  2312 E BufferQueueDebug: [Task=41#2204](this:0xb4000075768a2c98,id:-1,api:0,p:-1,c:-1) id info cannot be read from 'Task=41#2204'
03-09 23:02:56.671   755  2312 I BufferQueueDebug: [Task=41#2204](this:0xb4000075768a2c98,id:-1,api:0,p:-1,c:-1) BufferQueue core=(755:/system/bin/surfaceflinger)
03-09 23:02:56.674  1380  1998 I BvATMServiceExt: startAppLockActivity packageName=com.blackview.launcher isAppLockedPackage=false isAppLockedVerifying=false
03-09 23:02:56.675  1380  1998 I PowerHalWrapper: amsBoostNotify pid:2002,activity:com.android.searchlauncher.SearchLauncher, package:com.blackview.launcher, mProcessCreatePackcom.example.omnix_dashboard 
03-09 23:02:56.675  1380  1998 I PowerHalWrapper: state: 1 
03-09 23:02:56.676  1380  1998 I mtkpower_client: [Legacy][PowerHal_Wrap_notifyAppState] com.blackview.launcher/com.android.searchlauncher.SearchLauncher pid=2002 state:1
03-09 23:02:56.677  1380  1998 I PowerHalWrapper: amsBoostNotify AMS_BOOST_PROCESS_CREATE_BOOST:true 
03-09 23:02:56.677  1380  1405 E ApplicationHelper: Fail to get PackageManager
03-09 23:02:56.678  1380  1380 E MBrainLocalService: notifyAppSwitch failed
03-09 23:02:56.680   746   850 I libPowerHal: [perfNotifyAppState] pack:com.blackview.launcher, act:com.android.searchlauncher.SearchLauncher, state:1, pid:2002, uid:10172, fps:60
03-09 23:02:56.680   746   850 I libPowerHal: [perfNotifyAppState] foreground:com.blackview.launcher, pid:2002, uid:10172
03-09 23:02:56.681   755  2312 E BufferQueueDebug: [ActivityRecord{a422dc9 u0 com.example.omnix_dashboard/.MainActivity#2205](this:0xb4000075768a87b8,id:-1,api:0,p:-1,c:-1) id info cannot be read from 'ActivityRecord{a422dc9 u0 com.example.omnix_dashboard/.MainActivity#2205'
03-09 23:02:56.682   755  2312 I BufferQueueDebug: [ActivityRecord{a422dc9 u0 com.example.omnix_dashboard/.MainActivity#2205](this:0xb4000075768a87b8,id:-1,api:0,p:-1,c:-1) BufferQueue core=(755:/system/bin/surfaceflinger)
03-09 23:02:56.682   746   850 E UxUtility: notifyAppState error = NULL
03-09 23:02:56.682   746   850 I TouchUtility: notifyAppState error = NULL
03-09 23:02:56.683   746   791 I mtkpower@impl: [notifyAppState] pc:0, com.example.omnix_dashboard => com.blackview.launcher
03-09 23:02:56.685   718   724 W statsd  : StateTracker not found for state atom 29
03-09 23:02:56.688   746   792 I mtkpower@impl: [setMode] type:5, enabled:1
03-09 23:02:56.689   733  1085 I hwcomposer: [HWCDisplay] [Display_0 (type:1)] fps:28.861456,dur:1178.04,max:438.02,min:2.76  
03-09 23:02:56.689  1380  1998 I PowerHalWrapper: amsBoostNotify pid:2002,activity:com.android.searchlauncher.SearchLauncher, package:com.blackview.launcher, mProcessCreatePackcom.example.omnix_dashboard 
03-09 23:02:56.689  1380  1998 I PowerHalWrapper: state: 0 
03-09 23:02:56.690  1380  1998 I mtkpower_client: [Legacy][PowerHal_Wrap_notifyAppState] com.blackview.launcher/com.android.searchlauncher.SearchLauncher pid=2002 state:0
03-09 23:02:56.690   746   850 I libPowerHal: [perfLockAcq] idx:0 hdl:1612 hint:11 pid:746 duration:30000 lock_user:mtkpower@1.0-se => ret_hdl:1612
03-09 23:02:56.691   746   850 I libPowerHal: LAUNCH: cpu_ctrl set cpu freq: 2200000 -1 1600000 -1
03-09 23:02:56.691   746   850 E libPowerHal: Could not open '/proc/cpufreq/cpufreq_cci_mode'
03-09 23:02:56.691   746   850 E libPowerHal: error : 2, No such file or directory
03-09 23:02:56.691   746   850 E libPowerHal: Could not open '/proc/gpufreq/gpufreq_opp_freq'
03-09 23:02:56.691   746   850 E libPowerHal: error : 13, Permission denied
03-09 23:02:56.692   746   850 E libPowerHal: Could not open '/sys/devices/system/cpu/sched/sched_boost'
03-09 23:02:56.692   746   850 E libPowerHal: error : 2, No such file or directory
03-09 23:02:56.692   746   850 I libPowerHal: [PE] LAUNCH update cmd:1000000, param:0
03-09 23:02:56.692   746   850 I libPowerHal: [PE] LAUNCH update cmd:1408300, param:100
03-09 23:02:56.693  1380  1998 I PowerHalWrapper: amsBoostNotify AMS_BOOST_PROCESS_CREATE_BOOST:false 
03-09 23:02:56.693   746   850 I libPowerHal: [PE] LAUNCH update cmd:1000000 param:0
03-09 23:02:56.694  1380  1998 I PowerHalWrapper: <amsBoostResume> last:com.blackview.launcher, next:com.example.omnix_dashboard 
03-09 23:02:56.694   746   850 I libPowerHal: [perfNotifyAppState] pack:com.blackview.launcher, act:com.android.searchlauncher.SearchLauncher, state:0, pid:2002, uid:10172, fps:60
03-09 23:02:56.695   746   850 I libPowerHal: [perfLockRel] hdl:1611, idx:1
03-09 23:02:56.696   746   850 I libPowerHal: [PD] MTKPOWER_HINT_EXT_LAUNCH update cmd:2020000 param:1
03-09 23:02:56.697  1380  1998 I ActivityTaskManager: START u0 {flg=0x10000000 cmp=com.example.omnix_dashboard/.MainActivity} with LAUNCH_SINGLE_TOP from uid 2000 (BAL_ALLOW_PERMISSION) result code=0
03-09 23:02:56.685   746   746 W mtkPowerMsgHdl: type=1400 audit(0.0:10054): avc:  denied  { write } for  name="gpufreq_opp_freq" dev="proc" ino=4026532213 scontext=u:r:mtk_hal_power:s0 tcontext=u:object_r:proc:s0 tclass=file permissive=0
03-09 23:02:56.705   746   746 W mtkPowerMsgHdl: type=1400 audit(0.0:10055): avc:  denied  { write } for  name="gpufreq_opp_freq" dev="proc" ino=4026532213 scontext=u:r:mtk_hal_power:s0 tcontext=u:object_r:proc:s0 tclass=file permissive=0
03-09 23:02:56.703  1380  1405 E ApplicationHelper: Fail to get PackageManager
03-09 23:02:56.708   718   724 W statsd  : StateTracker not found for state atom 29
03-09 23:02:56.708   746   850 I libPowerHal: [perfLockAcq] idx:2 hdl:1613 hint:22 pid:746 duration:10000 lock_user:mtkpower@1.0-se => ret_hdl:1613
03-09 23:02:56.708   746   850 E libPowerHal: Could not open '/proc/cpufreq/cpufreq_cci_mode'
03-09 23:02:56.708   746   850 E libPowerHal: error : 2, No such file or directory
03-09 23:02:56.708   746   850 E libPowerHal: Could not open '/proc/gpufreq/gpufreq_opp_freq'
03-09 23:02:56.708   746   850 E libPowerHal: error : 13, Permission denied
03-09 23:02:56.709   746   850 E libPowerHal: Could not open '/sys/devices/system/cpu/sched/sched_boost'
03-09 23:02:56.709   746   850 E libPowerHal: error : 2, No such file or directory
03-09 23:02:56.712  1380  1407 I PowerHalWrapper: amsBoostProcessCreate package:com.example.omnix_dashboard 
03-09 23:02:56.717   746   835 I libPerfCtl: xgfGetFPS pid:21016 fps:73
03-09 23:02:56.719   718   724 W statsd  : StateTracker not found for state atom 29
03-09 23:02:56.720   755   755 I BpBinder: onLastStrongRef automatically unlinking death recipients: 
03-09 23:02:56.717   746   746 W mtkPowerMsgHdl: type=1400 audit(0.0:10056): avc:  denied  { write } for  name="gpufreq_opp_freq" dev="proc" ino=4026532213 scontext=u:r:mtk_hal_power:s0 tcontext=u:object_r:proc:s0 tclass=file permissive=0
03-09 23:02:56.722   746   850 I libPowerHal: [perfLockAcq] idx:1 hdl:1614 hint:21 pid:746 duration:10000 lock_user:mtkpower@1.0-se => ret_hdl:1614
03-09 23:02:56.722   746   850 E libPowerHal: Could not open '/proc/cpufreq/cpufreq_cci_mode'
03-09 23:02:56.722   746   850 E libPowerHal: error : 2, No such file or directory
03-09 23:02:56.722   746   850 E libPowerHal: Could not open '/proc/gpufreq/gpufreq_opp_freq'
03-09 23:02:56.722   746   850 E libPowerHal: error : 13, Permission denied
03-09 23:02:56.722   746   850 E libPowerHal: Could not open '/sys/devices/system/cpu/sched/sched_boost'
03-09 23:02:56.722   746   850 E libPowerHal: error : 2, No such file or directory
03-09 23:02:56.722   746   850 I libPowerHal: [PE] MTKPOWER_HINT_PROCESS_CREATE update cmd:2020000, param:15
03-09 23:02:56.724   746   850 I libPowerHal: [perfLockRel] hdl:1605, idx:-1
03-09 23:02:56.731   755  2312 E BufferQueueDebug: [46d72e8 Splash Screen com.example.omnix_dashboard#2206](this:0xb400007576833ba8,id:-1,api:0,p:-1,c:-1) id info cannot be read from '46d72e8 Splash Screen com.example.omnix_dashboard#2206'
03-09 23:02:56.731   755  2312 I BufferQueueDebug: [46d72e8 Splash Screen com.example.omnix_dashboard#2206](this:0xb400007576833ba8,id:-1,api:0,p:-1,c:-1) BufferQueue core=(755:/system/bin/surfaceflinger)
03-09 23:02:56.735  1380  1414 W ziparchive: Unable to open '/data/app/~~Ta_m-Qm2DB61wuQ3Ki2UBA==/com.example.omnix_dashboard-nF_gPLNm51XC-POwf-Rfrg==/base.dm': No such file or directory
03-09 23:02:56.741  1380  1405 E ApplicationHelper: Fail to get PackageManager
03-09 23:02:56.743   718   724 W statsd  : StateTracker not found for state atom 29
03-09 23:02:56.744  1380  1405 E ApplicationHelper: Fail to get PackageManager
03-09 23:02:56.744  1380  1405 E ApplicationHelper: Fail to get PackageManager
03-09 23:02:56.744  1380  1405 E ApplicationHelper: Fail to get PackageManager
03-09 23:02:56.744  1380  1405 E ApplicationHelper: Fail to get PackageManager
03-09 23:02:56.744  1380  1405 E ApplicationHelper: Fail to get PackageManager
03-09 23:02:56.744  1380  1405 E ApplicationHelper: Fail to get PackageManager
03-09 23:02:56.744  1380  1405 E ApplicationHelper: Fail to get PackageManager
03-09 23:02:56.744  1380  1405 E ApplicationHelper: Fail to get PackageManager
03-09 23:02:56.744  1380  1405 E ApplicationHelper: Fail to get PackageManager
03-09 23:02:56.744  1380  1405 E ApplicationHelper: Fail to get PackageManager
03-09 23:02:56.748 24987 26447 I Finsky:background: [171] Wrote row to frosting DB: 363
03-09 23:02:56.763  1380  1417 W ActivityManager: Slow operation: 52ms so far, now at startProcess: returned from zygote!
03-09 23:02:56.764  1380  1417 W ActivityManager: Slow operation: 53ms so far, now at startProcess: done updating battery stats
03-09 23:02:56.765  1380  1417 W ActivityManager: Slow operation: 53ms so far, now at startProcess: building log message
03-09 23:02:56.765  1380  1417 I ActivityManager: Start proc 26497:com.example.omnix_dashboard/u0a212 for next-top-activity {com.example.omnix_dashboard/com.example.omnix_dashboard.MainActivity}
03-09 23:02:56.765  1380  1417 W ActivityManager: Slow operation: 53ms so far, now at startProcess: starting to update pids map
03-09 23:02:56.765  1380  1417 W ActivityManager: Slow operation: 54ms so far, now at startProcess: done updating pids map
03-09 23:02:56.772   755  1438 E BufferQueueDebug: [Splash Screen com.example.omnix_dashboard#2207](this:0xb400007576800788,id:-1,api:0,p:-1,c:-1) id info cannot be read from 'Splash Screen com.example.omnix_dashboard#2207'
03-09 23:02:56.772   755  1438 I BufferQueueDebug: [Splash Screen com.example.omnix_dashboard#2207](this:0xb400007576800788,id:-1,api:0,p:-1,c:-1) BufferQueue core=(755:/system/bin/surfaceflinger)
03-09 23:02:56.776 22388 22452 I Finsky  : [118] [ContentSync] finished, scheduled=true
03-09 23:02:56.777 22192 26490 I Icing   : Indexing com.google.android.gms-apps from com.google.android.gms
03-09 23:02:56.778  1380  5606 W WindowManager: Changing focus from Window{b4b38f4 u0 com.blackview.launcher/com.android.searchlauncher.SearchLauncher} to null displayId=0 Callers=com.android.server.wm.RootWindowContainer.updateFocusedWindowLocked:455 com.android.server.wm.WindowManagerService.updateFocusedWindowLocked:6224 com.android.server.wm.WindowManagerService.relayoutWindow:2525 com.android.server.wm.Session.relayout:259 
03-09 23:02:56.790  1380  1998 I PackageManager: pkgName null , isCallerSameApp : false
03-09 23:02:56.793 21016 21052 E OpenGLRenderer: Unable to match the desired swap behavior.
03-09 23:02:56.797  1380  4742 I PackageManager: pkgName null , isCallerSameApp : false
03-09 23:02:56.808 26497 26497 I omnix_dashboard: Late-enabling -Xcheck:jni
03-09 23:02:56.819  1380  1998 W WindowManager: finishDrawingWindow: Window{46d72e8 u0 Splash Screen com.example.omnix_dashboard} mDrawState=DRAW_PENDING
03-09 23:02:56.823   736  3111 D StNfcHal: (#0B235) Rx 6f 02 09 (hidden)
03-09 23:02:56.825  1380  1408 W WindowManager: real show surface:Surface(name=Splash Screen com.example.omnix_dashboard)/@0x319d983
03-09 23:02:56.825 22840 22840 I A       : onPause
03-09 23:02:56.825 22192 26490 I Icing   : Indexing done com.google.android.gms-apps
03-09 23:02:56.827   755  1438 E BufferQueueDebug: [Transition Root: Task=41#2208](this:0xb400007576872608,id:-1,api:0,p:-1,c:-1) id info cannot be read from 'Transition Root: Task=41#2208'
03-09 23:02:56.828   755  1438 I BufferQueueDebug: [Transition Root: Task=41#2208](this:0xb400007576872608,id:-1,api:0,p:-1,c:-1) BufferQueue core=(755:/system/bin/surfaceflinger)
03-09 23:02:56.836   755  1438 E BufferQueueDebug: [Surface(name=644a4 NavigationBar0)/@0x28bd233 - animation-leash of insets_animation#2209](this:0xb400007576855e68,id:-1,api:0,p:-1,c:-1) id info cannot be read from 'Surface(name=644a4 NavigationBar0)/@0x28bd233 - animation-leash of insets_animation#2209'
03-09 23:02:56.837   755  1438 I BufferQueueDebug: [Surface(name=644a4 NavigationBar0)/@0x28bd233 - animation-leash of insets_animation#2209](this:0xb400007576855e68,id:-1,api:0,p:-1,c:-1) BufferQueue core=(755:/system/bin/surfaceflinger)
03-09 23:02:56.839   755  1438 E BufferQueueDebug: [Surface(name=cf97a2a StatusBar)/@0x60639f0 - animation-leash of insets_animation#2210](this:0xb400007576809038,id:-1,api:0,p:-1,c:-1) id info cannot be read from 'Surface(name=cf97a2a StatusBar)/@0x60639f0 - animation-leash of insets_animation#2210'
03-09 23:02:56.839   755  1438 I BufferQueueDebug: [Surface(name=cf97a2a StatusBar)/@0x60639f0 - animation-leash of insets_animation#2210](this:0xb400007576809038,id:-1,api:0,p:-1,c:-1) BufferQueue core=(755:/system/bin/surfaceflinger)
03-09 23:02:56.841  1380  1405 E ApplicationHelper: Fail to get PackageManager
03-09 23:02:56.843   755  1438 E BufferQueueDebug: [cdc39d0 ActivityRecordInputSink com.example.omnix_dashboard/.MainActivity#2211](this:0xb4000075768062a8,id:-1,api:0,p:-1,c:-1) id info cannot be read from 'cdc39d0 ActivityRecordInputSink com.example.omnix_dashboard/.MainActivity#2211'
03-09 23:02:56.844   755  1438 I BufferQueueDebug: [cdc39d0 ActivityRecordInputSink com.example.omnix_dashboard/.MainActivity#2211](this:0xb4000075768062a8,id:-1,api:0,p:-1,c:-1) BufferQueue core=(755:/system/bin/surfaceflinger)
03-09 23:02:56.871   755   755 I BufferQueueDebug: [Surface(name=cf97a2a StatusBar)/@0x60639f0 - animation-leash of insets_animation#2198](this:0xb4000075767b9478,id:-1,api:0,p:-1,c:755) onDestructor()
03-09 23:02:56.871   755   755 I BufferQueueDebug: [Surface(name=644a4 NavigationBar0)/@0x28bd233 - animation-leash of insets_animation#2197](this:0xb4000075767d89a8,id:-1,api:0,p:-1,c:755) onDestructor()
03-09 23:02:56.873 26497 26497 I omnix_dashboard: Using CollectorTypeCC GC.
03-09 23:02:56.875   755   755 E BufferQueueDebug: [Screenshot Parent#2212](this:0xb4000075767d89a8,id:-1,api:0,p:-1,c:-1) id info cannot be read from 'Screenshot Parent#2212'
03-09 23:02:56.876   755   755 I BufferQueueDebug: [Screenshot Parent#2212](this:0xb4000075767d89a8,id:-1,api:0,p:-1,c:-1) BufferQueue core=(755:/system/bin/surfaceflinger)
03-09 23:02:56.883   755   755 I BufferQueueDebug: [Screenshot Parent#2212](this:0xb4000075767d89a8,id:-1,api:0,p:-1,c:755) onDestructor()
03-09 23:02:56.885   755   755 I BufferQueueProducer: [com.blackview.launcher/com.android.searchlauncher.SearchLauncher#2196](this:0xb40000757674d118,id:-1,api:0,p:-1,c:755) queueBuffer: fps=1.81 dur=1105.89 max=977.02 min=128.88
03-09 23:02:56.888 24596 24601 I adbd    : jdwp connection from 26497
03-09 23:02:56.893   746   792 I mtkpower@impl: [setMode] type:6, enabled:1
03-09 23:02:56.893   746   792 E mtkpower@impl: [setMode] unknown type
03-09 23:02:56.895   755   755 I BufferQueueProducer: [FramebufferSurface](this:0xb4000074b66af370,id:-1,api:1,p:755,c:755) queueBuffer: fps=0.35 dur=43242.17 max=43012.42 min=13.83
03-09 23:02:56.929  1380  4742 I BvATMServiceExt: startAppLockActivity packageName=com.example.omnix_dashboard isAppLockedPackage=false isAppLockedVerifying=false
03-09 23:02:56.930  1380  4742 I PowerHalWrapper: amsBoostNotify pid:26497,activity:com.example.omnix_dashboard.MainActivity, package:com.example.omnix_dashboard, mProcessCreatePackcom.example.omnix_dashboard 
03-09 23:02:56.930  1380  4742 I PowerHalWrapper: state: 1 
03-09 23:02:56.931  1380  4742 I mtkpower_client: [Legacy][PowerHal_Wrap_notifyAppState] com.example.omnix_dashboard/com.example.omnix_dashboard.MainActivity pid=26497 state:1
03-09 23:02:56.932   746   850 I libPowerHal: [perfNotifyAppState] pack:com.example.omnix_dashboard, act:com.example.omnix_dashboard.MainActivity, state:1, pid:26497, uid:10212, fps:60
03-09 23:02:56.932   746   850 I libPowerHal: [perfNotifyAppState] foreground:com.example.omnix_dashboard, pid:26497, uid:10212
03-09 23:02:56.932   746   850 E UxUtility: notifyAppState error = NULL
03-09 23:02:56.932   746   850 I TouchUtility: notifyAppState error = NULL
03-09 23:02:56.933  1380  4742 I PowerHalWrapper: amsBoostNotify AMS_BOOST_PROCESS_CREATE_BOOST:true 
03-09 23:02:56.933   746   791 I mtkpower@impl: [notifyAppState] pc:1, com.blackview.launcher => com.example.omnix_dashboard
03-09 23:02:56.934  1380  1380 E MBrainLocalService: notifyAppSwitch failed
03-09 23:02:56.940   718   724 W statsd  : StateTracker not found for state atom 29
03-09 23:02:56.942  1380  1405 E ApplicationHelper: Fail to get PackageManager
03-09 23:02:56.947  1380  1405 E MBrainLocalService: MBrainJava launch failed: SecurityException
03-09 23:02:56.950  1380  1405 W System.err: android.content.pm.PackageManager$NameNotFoundException: ru.vk.store
03-09 23:02:56.950  1380  1405 W System.err: 	at android.app.ApplicationPackageManager.getPackageInfoAsUser(ApplicationPackageManager.java:256)
03-09 23:02:56.951  1380  1405 W System.err: 	at android.app.ApplicationPackageManager.getPackageInfo(ApplicationPackageManager.java:216)
03-09 23:02:56.951  1380  1405 W System.err: 	at android.app.ApplicationPackageManager.getPackageInfo(ApplicationPackageManager.java:210)
03-09 23:02:56.951  1380  1405 W System.err: 	at com.android.server.am.ActivityManagerService.hasRuApp(ActivityManagerService.java:1865)
03-09 23:02:56.951  1380  1405 W System.err: 	at com.android.server.am.ActivityManagerService.checkRuState(ActivityManagerService.java:1836)
03-09 23:02:56.951  1380  1405 W System.err: 	at com.android.server.am.ActivityManagerService.-$$Nest$mcheckRuState(ActivityManagerService.java:0)
03-09 23:02:56.951  1380  1405 W System.err: 	at com.android.server.am.ActivityManagerService$UiHandler.handleMessage(ActivityManagerService.java:1805)
03-09 23:02:56.951  1380  1405 W System.err: 	at android.os.Handler.dispatchMessage(Handler.java:106)
03-09 23:02:56.951  1380  1405 W System.err: 	at android.os.Looper.loopOnce(Looper.java:205)
03-09 23:02:56.951  1380  1405 W System.err: 	at android.os.Looper.loop(Looper.java:294)
03-09 23:02:56.951  1380  1405 W System.err: 	at android.os.HandlerThread.run(HandlerThread.java:67)
03-09 23:02:56.952  1380  1405 W System.err: 	at com.android.server.ServiceThread.run(ServiceThread.java:46)
03-09 23:02:56.952  1380  1405 W System.err: 	at com.android.server.UiThread.run(UiThread.java:45)
03-09 23:02:56.980 26497 26497 W ziparchive: Unable to open '/data/app/~~Ta_m-Qm2DB61wuQ3Ki2UBA==/com.example.omnix_dashboard-nF_gPLNm51XC-POwf-Rfrg==/base.dm': No such file or directory
03-09 23:02:56.980 26497 26497 W ziparchive: Unable to open '/data/app/~~Ta_m-Qm2DB61wuQ3Ki2UBA==/com.example.omnix_dashboard-nF_gPLNm51XC-POwf-Rfrg==/base.dm': No such file or directory
03-09 23:02:57.150   746   792 I mtkpower@impl: [setMode] type:6, enabled:0
03-09 23:02:57.150   746   792 E mtkpower@impl: [setMode] unknown type
03-09 23:02:57.164 22840 22920 I GED     : ged_boost_gpu_freq, level 100, eOrigin 2, final_idx 2, oppidx_max 2, oppidx_min 0
03-09 23:02:57.164   755   755 I BufferQueueProducer: [NavigationBar0#1493](this:0xb4000075767e6d78,id:-1,api:0,p:-1,c:755) queueBuffer: fps=0.67 dur=32875.96 max=32319.33 min=14.05
03-09 23:02:57.165  2002  2989 I GED     : ged_boost_gpu_freq, level 100, eOrigin 2, final_idx 2, oppidx_max 2, oppidx_min 0
03-09 23:02:57.181   755   755 I BufferQueueDebug: [Transition Root: Task=41#2208](this:0xb400007576872608,id:-1,api:0,p:-1,c:755) onDestructor()
03-09 23:02:57.195   755   755 I BufferQueueDebug: [665fdc5 ActivityRecordInputSink com.blackview.launcher/com.android.searchlauncher.SearchLauncher#2201](this:0xb400007576891b38,id:-1,api:0,p:-1,c:755) onDestructor()
03-09 23:02:57.439  1380  1401 I ActivityManager: Flag disabled. Ignoring finishAttachApplication from uid: 10212. pid: 26497
03-09 23:02:57.445 26497 26497 I M-ProMotion: M-ProMotion is disabled
03-09 23:02:57.456 26497 26523 E QT      : [QT]file does not exist
03-09 23:02:57.523 26497 26525 I ResourceExtractor: Found extracted resources res_timestamp-1-1773089977571
03-09 23:02:57.523 26497 26525 I ResourceExtractor: Resource version mismatch res_timestamp-1-1773090175398
03-09 23:02:57.548  1380  1399 W System  : A resource failed to call HardwareBuffer.close. 
03-09 23:02:57.548  1380  1399 W System  : A resource failed to call release. 
03-09 23:02:57.705   733  1085 I hwcomposer: [HWCDisplay] [Display_0 (type:1)] fps:60.014633,dur:1016.42,max:31.00,min:11.61  
03-09 23:02:57.718   746   835 I libPerfCtl: xgfGetFPS pid:21016 fps:71
03-09 23:02:57.809 26423 26423 I AidlLazyServiceRegistrar: Process has 0 (of 1 available) client(s) in use after notification artd has clients: 0
03-09 23:02:57.809 26423 26423 I AidlLazyServiceRegistrar: Trying to shut down the service. No clients in use for any service in process.
03-09 23:02:57.810 26423 26423 I AidlLazyServiceRegistrar: Unregistered all clients and exiting
03-09 23:02:58.178   755   755 I BufferQueueProducer: [NavigationBar0#1493](this:0xb4000075767e6d78,id:-1,api:0,p:-1,c:755) queueBuffer: fps=61.17 dur=1013.59 max=19.36 min=14.06
03-09 23:02:58.322   982   982 I thermal_repeater: [recvMdThermalInfo] ret=33, strLen=127,  0, 32767, -127, 0, 32767, -28543
03-09 23:02:58.718   746   835 I libPerfCtl: xgfGetFPS pid:21016 fps:61
03-09 23:02:58.720   733  1085 I hwcomposer: [HWCDisplay] [Display_0 (type:1)] fps:61.116180,dur:1014.46,max:19.50,min:14.13  
03-09 23:02:59.195 26497 26525 I ResourceExtractor: Extracted baseline resource assets/flutter_assets/kernel_blob.bin
03-09 23:02:59.197 26497 26525 I ResourceExtractor: Extracted baseline resource assets/flutter_assets/vm_snapshot_data
03-09 23:02:59.384 26497 26525 I ResourceExtractor: Extracted baseline resource assets/flutter_assets/isolate_snapshot_data
03-09 23:02:59.424  1576  1576 I WifiHAL : Get link layer stats
03-09 23:02:59.424  1576  1576 I WifiHAL : GetLinkStatsCommand::create
03-09 23:02:59.425  1576  1576 I android.hardware.wifi@1.0-service-lazy: WifiCommand::requestResponse err=-14
03-09 23:02:59.425  1576  1576 I WifiHAL : wifi_get_link_stats: result=-1
03-09 23:02:59.425  1380  1510 E WifiStaIfaceHidlImpl: getLinkLayerStatsV1_5 failed with status: {.code = ERROR_UNKNOWN, .description = unknown}
03-09 23:02:59.437 26497 26497 W omnix_dashboard: type=1400 audit(0.0:10057): avc:  denied  { read } for  name="max_map_count" dev="proc" ino=415783 scontext=u:r:untrusted_app:s0:c212,c256,c512,c768 tcontext=u:object_r:proc_max_map_count:s0 tclass=file permissive=0 app=com.example.omnix_dashboard
03-09 23:02:59.470   755   755 I BufferQueueProducer: [StatusBar#1497](this:0xb400007576866fc8,id:-1,api:0,p:-1,c:755) queueBuffer: fps=6.24 dur=3366.56 max=2421.13 min=11.31
03-09 23:02:59.492 26497 26533 W libc    : Access denied finding property "vendor.debug.forcibly_enable_mtk_ray_tracing"
03-09 23:02:59.711 26497 26533 I flutter : [IMPORTANT:flutter/shell/platform/android/android_context_vk_impeller.cc(62)] Using the Impeller rendering backend (Vulkan).
03-09 23:02:59.718   746   835 I libPerfCtl: xgfGetFPS pid:21016 fps:61
03-09 23:02:59.727   477   477 I hwservicemanager: getTransport: Cannot find entry android.hardware.configstore@1.0::ISurfaceFlingerConfigs/default in either framework or device VINTF manifest.
03-09 23:02:59.750 26497 26533 I flutter : [IMPORTANT:flutter/shell/platform/android/android_context_gl_impeller.cc(104)] Using the Impeller rendering backend (OpenGLES).
03-09 23:02:59.899 26497 26545 I flutter : The Dart VM service is listening on http://127.0.0.1:37685/AOXfc-ZfdKs=/
03-09 23:03:00.003   718   724 W statsd  : StateTracker not found for state atom 27
03-09 23:03:00.004   718   724 W statsd  : StateTracker not found for state atom 27
03-09 23:03:00.045   733  1085 I hwcomposer: [HWCDisplay] [Display_0 (type:1)] fps:9.809713,dur:1325.22,max:572.60,min:14.42  
03-09 23:03:00.750 26497 26497 I ONYX_TELEMETRY: fsk_live_facade_started action=com.onyx.fsk.SDK_HEARTBEAT connector=broadcast_intent_connector
03-09 23:03:00.760 26497 26497 I SurfaceFactory: [static] sSurfaceFactory = com.mediatek.view.impl.SurfaceFactoryImpl@29ba18
03-09 23:03:00.848 26497 26497 W omnix_dashboard: Accessing hidden method Landroid/view/accessibility/AccessibilityNodeInfo;->getSourceNodeId()J (unsupported,test-api, reflection, allowed)
03-09 23:03:00.848 26497 26497 W omnix_dashboard: Accessing hidden method Landroid/view/accessibility/AccessibilityRecord;->getSourceNodeId()J (unsupported, reflection, allowed)
03-09 23:03:00.849 26497 26497 W omnix_dashboard: Accessing hidden field Landroid/view/accessibility/AccessibilityNodeInfo;->mChildNodeIds:Landroid/util/LongArray; (unsupported, reflection, allowed)
03-09 23:03:00.849 26497 26497 W omnix_dashboard: Accessing hidden method Landroid/util/LongArray;->get(I)J (unsupported, reflection, allowed)
03-09 23:03:00.918 26497 26497 I Activity: performStart: getPackageName()=com.example.omnix_dashboard
03-09 23:03:00.930 26497 26520 I PowerHalWrapper: PowerHalWrapper.getInstance 
03-09 23:03:00.935 26497 26497 W OpenGLRenderer: Unknown dataspace 0
03-09 23:03:00.945   755  2312 E BufferQueueDebug: [369a942 com.example.omnix_dashboard/com.example.omnix_dashboard.MainActivity#2213](this:0xb400007576891b38,id:-1,api:0,p:-1,c:-1) id info cannot be read from '369a942 com.example.omnix_dashboard/com.example.omnix_dashboard.MainActivity#2213'
03-09 23:03:00.945   755  2312 I BufferQueueDebug: [369a942 com.example.omnix_dashboard/com.example.omnix_dashboard.MainActivity#2213](this:0xb400007576891b38,id:-1,api:0,p:-1,c:-1) BufferQueue core=(755:/system/bin/surfaceflinger)
03-09 23:03:01.142   736  3111 D StNfcHal: (#0B27A) Rx 6f 02 11 (hidden)
03-09 23:03:01.213  1380  4742 I ActivityManager: Broadcasting: Intent { act=com.onyx.fsk.SDK_HEARTBEAT flg=0x400000 (has extras) }
03-09 23:03:01.215  1380  1405 E ApplicationHelper: Fail to get PackageManager
03-09 23:03:01.215  1380  4742 I ActivityManager: Enqueued broadcast Intent { act=com.onyx.fsk.SDK_HEARTBEAT flg=0x400000 (has extras) }: 0
03-09 23:03:01.217  1380  1405 E MBrainLocalService: MBrainJava launch failed: SecurityException
03-09 23:03:01.642 26497 26497 I flutter : Supabase not configured. Running with in-memory ledger repository.
03-09 23:03:02.104 26497 26497 I flutter : Seed complete. Event count: 29
03-09 23:03:02.441  1576  1576 I WifiHAL : Get link layer stats
03-09 23:03:02.442  1576  1576 I WifiHAL : GetLinkStatsCommand::create
03-09 23:03:02.442  1576  1576 I android.hardware.wifi@1.0-service-lazy: WifiCommand::requestResponse err=-14
03-09 23:03:02.442  1576  1576 I WifiHAL : wifi_get_link_stats: result=-1
03-09 23:03:02.442  1380  1510 E WifiStaIfaceHidlImpl: getLinkLayerStatsV1_5 failed with status: {.code = ERROR_UNKNOWN, .description = unknown}
03-09 23:03:03.558  1380  1405 E ApplicationHelper: Fail to get PackageManager
03-09 23:03:03.834 22172 26281 I AlarmManager: setExactAndAllowWhileIdle [name: GCM_HB_ALARM type: 2 triggerAtMillis: 30132666]
03-09 23:03:03.836 22172 26281 I AlarmManager: setExactAndAllowWhileIdle [name: GCM_HB_ALARM type: 2 triggerAtMillis: 30132668]
03-09 23:03:03.838  1380  1405 E ApplicationHelper: Fail to get PackageManager
03-09 23:03:03.884   784   784 I libPerfCtl: xgfGetCmd ioctl_ret:-1
03-09 23:03:04.422  1380  1405 E ApplicationHelper: Fail to get PackageManager
03-09 23:03:05.459  1576  1576 I WifiHAL : Get link layer stats
03-09 23:03:05.459  1576  1576 I WifiHAL : GetLinkStatsCommand::create
03-09 23:03:05.459  1576  1576 I android.hardware.wifi@1.0-service-lazy: WifiCommand::requestResponse err=-14
03-09 23:03:05.459  1576  1576 I WifiHAL : wifi_get_link_stats: result=-1
03-09 23:03:05.459  1380  1510 E WifiStaIfaceHidlImpl: getLinkLayerStatsV1_5 failed with status: {.code = ERROR_UNKNOWN, .description = unknown}
03-09 23:03:06.284  1380  1405 E ApplicationHelper: Fail to get PackageManager
03-09 23:03:06.286  1380  1405 E ApplicationHelper: Fail to get PackageManager
03-09 23:03:06.287   718   724 W statsd  : StateTracker not found for state atom 29
03-09 23:03:06.288   718   724 W statsd  : StateTracker not found for state atom 29
03-09 23:03:06.513 26497 26497 I Choreographer: Skipped 545 frames!  The application may be doing too much work on its main thread.
03-09 23:03:06.700  1380  1407 W ActivityTaskManager: Launch timeout has expired, giving up wake lock!
03-09 23:03:06.716   746   850 I mtkpower@impl: [powerd_req] TIMER_MSG_PERF_LOCK_TIMEOUT hdl:1613
03-09 23:03:06.716   746   850 I libPowerHal: [perfLockRel] hdl:1613, idx:2
03-09 23:03:06.722   746   850 I mtkpower@impl: [powerd_req] TIMER_MSG_PERF_LOCK_TIMEOUT hdl:1614
03-09 23:03:06.722   746   850 I libPowerHal: [perfLockRel] hdl:1614, idx:1
03-09 23:03:06.723   746   850 I libPowerHal: [PD] MTKPOWER_HINT_PROCESS_CREATE update cmd:2020000 param:1
03-09 23:03:06.749   755  2312 E BufferQueueDebug: [com.example.omnix_dashboard/com.example.omnix_dashboard.MainActivity#2214](this:0xb4000075767d89a8,id:-1,api:0,p:-1,c:-1) id info cannot be read from 'com.example.omnix_dashboard/com.example.omnix_dashboard.MainActivity#2214'
03-09 23:03:06.749   755  2312 I BufferQueueDebug: [com.example.omnix_dashboard/com.example.omnix_dashboard.MainActivity#2214](this:0xb4000075767d89a8,id:-1,api:0,p:-1,c:-1) BufferQueue core=(755:/system/bin/surfaceflinger)
03-09 23:03:06.753  1380  2006 W WindowManager: Changing focus from null to Window{369a942 u0 com.example.omnix_dashboard/com.example.omnix_dashboard.MainActivity} displayId=0 Callers=com.android.server.wm.RootWindowContainer.updateFocusedWindowLocked:455 com.android.server.wm.WindowManagerService.updateFocusedWindowLocked:6224 com.android.server.wm.WindowManagerService.relayoutWindow:2525 com.android.server.wm.Session.relayout:259 
03-09 23:03:06.754   755  2312 E BufferQueueDebug: [Surface(name=644a4 NavigationBar0)/@0x28bd233 - animation-leash of insets_animation#2215](this:0xb4000075767b9478,id:-1,api:0,p:-1,c:-1) id info cannot be read from 'Surface(name=644a4 NavigationBar0)/@0x28bd233 - animation-leash of insets_animation#2215'
03-09 23:03:06.754   755  2312 I BufferQueueDebug: [Surface(name=644a4 NavigationBar0)/@0x28bd233 - animation-leash of insets_animation#2215](this:0xb4000075767b9478,id:-1,api:0,p:-1,c:-1) BufferQueue core=(755:/system/bin/surfaceflinger)
03-09 23:03:06.755   755  2312 E BufferQueueDebug: [Surface(name=cf97a2a StatusBar)/@0x60639f0 - animation-leash of insets_animation#2216](this:0xb400007576889288,id:-1,api:0,p:-1,c:-1) id info cannot be read from 'Surface(name=cf97a2a StatusBar)/@0x60639f0 - animation-leash of insets_animation#2216'
03-09 23:03:06.755   755  2312 I BufferQueueDebug: [Surface(name=cf97a2a StatusBar)/@0x60639f0 - animation-leash of insets_animation#2216](this:0xb400007576889288,id:-1,api:0,p:-1,c:-1) BufferQueue core=(755:/system/bin/surfaceflinger)
03-09 23:03:06.757  1380  2006 I WindowManager: Relayout Window{369a942 u0 com.example.omnix_dashboard/com.example.omnix_dashboard.MainActivity}: oldVis=4 newVis=0 focusMayChange = true requestedWidth = 720 requestedHeight = 1560 outFrames = ClientWindowFrames{frame=[0,0][720,1560] display=[0,0][720,1560] parentFrame=[0,0][0,0]} outSurfaceControl = Surface(name=com.example.omnix_dashboard/com.example.omnix_dashboard.MainActivity)/@0xb765bb5
03-09 23:03:06.758   733  1085 I hwcomposer: [HWCDisplay] [Display_0 (type:1)] fps:0.446853,dur:6713.61,max:5787.48,min:17.51  
03-09 23:03:06.770 26497 26497 E FBI     : Can't load library: dlopen failed: library "libmagtsync.so" not found
03-09 23:03:06.790   755  1438 E HWComposer: getSupportedContentTypes: getSupportedContentTypes failed for display 0: Unsupported (8)
03-09 23:03:06.791 26497 26521 E OpenGLRenderer: Unable to match the desired swap behavior.
03-09 23:03:06.794   755  1438 E BufferQueueDebug: [Bounds for - com.example.omnix_dashboard/com.example.omnix_dashboard.MainActivity#2217](this:0xb400007576872608,id:-1,api:0,p:-1,c:-1) id info cannot be read from 'Bounds for - com.example.omnix_dashboard/com.example.omnix_dashboard.MainActivity#2217'
03-09 23:03:06.794   755  1438 I BufferQueueDebug: [Bounds for - com.example.omnix_dashboard/com.example.omnix_dashboard.MainActivity#2217](this:0xb400007576872608,id:-1,api:0,p:-1,c:-1) BufferQueue core=(755:/system/bin/surfaceflinger)
03-09 23:03:06.796   755  1438 E BufferQueueDebug: [SurfaceView[com.example.omnix_dashboard/com.example.omnix_dashboard.MainActivity]#2218](this:0xb40000757681cf28,id:-1,api:0,p:-1,c:-1) id info cannot be read from 'SurfaceView[com.example.omnix_dashboard/com.example.omnix_dashboard.MainActivity]#2218'
03-09 23:03:06.796   755  1438 I BufferQueueDebug: [SurfaceView[com.example.omnix_dashboard/com.example.omnix_dashboard.MainActivity]#2218](this:0xb40000757681cf28,id:-1,api:0,p:-1,c:-1) BufferQueue core=(755:/system/bin/surfaceflinger)
03-09 23:03:06.797   755  1438 E BufferQueueDebug: [SurfaceView[com.example.omnix_dashboard/com.example.omnix_dashboard.MainActivity](BLAST)#2219](this:0xb40000757688c018,id:-1,api:0,p:-1,c:-1) id info cannot be read from 'SurfaceView[com.example.omnix_dashboard/com.example.omnix_dashboard.MainActivity](BLAST)#2219'
03-09 23:03:06.797   755  1438 I BufferQueueDebug: [SurfaceView[com.example.omnix_dashboard/com.example.omnix_dashboard.MainActivity](BLAST)#2219](this:0xb40000757688c018,id:-1,api:0,p:-1,c:-1) BufferQueue core=(755:/system/bin/surfaceflinger)
03-09 23:03:06.798   755  1438 E BufferQueueDebug: [Background for SurfaceView[com.example.omnix_dashboard/com.example.omnix_dashboard.MainActivity]#2220](this:0xb4000075768257d8,id:-1,api:0,p:-1,c:-1) id info cannot be read from 'Background for SurfaceView[com.example.omnix_dashboard/com.example.omnix_dashboard.MainActivity]#2220'
03-09 23:03:06.798   755  1438 I BufferQueueDebug: [Background for SurfaceView[com.example.omnix_dashboard/com.example.omnix_dashboard.MainActivity]#2220](this:0xb4000075768257d8,id:-1,api:0,p:-1,c:-1) BufferQueue core=(755:/system/bin/surfaceflinger)
03-09 23:03:06.805   755   755 I BufferQueueDebug: [Surface(name=cf97a2a StatusBar)/@0x60639f0 - animation-leash of insets_animation#2210](this:0xb400007576809038,id:-1,api:0,p:-1,c:755) onDestructor()
03-09 23:03:06.805   755   755 I BufferQueueDebug: [Surface(name=644a4 NavigationBar0)/@0x28bd233 - animation-leash of insets_animation#2209](this:0xb400007576855e68,id:-1,api:0,p:-1,c:755) onDestructor()
03-09 23:03:06.810 26497 26533 E ion     : ioctl c0044901 failed with code -1: Invalid argument
03-09 23:03:06.810 26497 26533 W libc    : Access denied finding property "ro.vendor.mbrain.mode"
03-09 23:03:06.900 26497 26497 I ONYX_TELEMETRY: facade_ingest adapter=standard payloadKeys=[activity_state,battery_percent,captured_at_utc,gps_accuracy_meters,heart_rate,movement_level]
03-09 23:03:06.912 26497 26497 I ONYX_TELEMETRY: sdk_callback_received adapter=standard callback_count=1 captured_at_utc=2026-03-09T21:03:01Z
03-09 23:03:06.914  1380  1404 I ActivityManager: Broadcast completed: result=0
03-09 23:03:06.934   746   792 I mtkpower@impl: [setMode] type:5, enabled:0
03-09 23:03:06.934   746   850 I libPowerHal: [perfLockRel] hdl:1612, idx:0
03-09 23:03:06.934  1380  1407 I PowerHalWrapper: amsBoostNotify pid:2002,activity:com.android.searchlauncher.SearchLauncher, package:com.blackview.launcher, mProcessCreatePackcom.example.omnix_dashboard 
03-09 23:03:06.934  1380  1407 I PowerHalWrapper: state: 0 
03-09 23:03:06.935   746   850 I libPowerHal: LAUNCH: cpu_ctrl set cpu freq: -1 -1 -1 -1
03-09 23:03:06.935   746   850 I libPowerHal: [PD] LAUNCH update cmd:1000000, param:-1
03-09 23:03:06.935  1380  1407 I mtkpower_client: [Legacy][PowerHal_Wrap_notifyAppState] com.blackview.launcher/com.android.searchlauncher.SearchLauncher pid=2002 state:0
03-09 23:03:06.935   746   850 I libPowerHal: [PD] LAUNCH update cmd:1408300 param:0
03-09 23:03:06.935  1380  1407 I PowerHalWrapper: amsBoostNotify AMS_BOOST_PROCESS_CREATE_BOOST:true 
03-09 23:03:06.935   746   850 I libPowerHal: [PD] LAUNCH update cmd:1000000 param:-1
03-09 23:03:06.936   746   850 I libPowerHal: [perfNotifyAppState] pack:com.blackview.launcher, act:com.android.searchlauncher.SearchLauncher, state:0, pid:2002, uid:10172, fps:60
03-09 23:03:06.937  2002  2989 I GED     : ged_boost_gpu_freq, level 100, eOrigin 2, final_idx 2, oppidx_max 2, oppidx_min 0
03-09 23:03:06.938  1380  1407 W ProcessStats: Tracking association SourceState{1d12f2 system/1000 Persist #34044} whose proc state 0 is better than process ProcessState{9e0b38a com.android.bluetooth/1002 pkg=com.android.bluetooth} proc state 1 (384 skipped)
03-09 23:03:06.939  1380  1405 E ApplicationHelper: Fail to get PackageManager
03-09 23:03:06.940  1380  1405 E ApplicationHelper: Fail to get PackageManager
03-09 23:03:06.943   718   724 W statsd  : StateTracker not found for state atom 29
03-09 23:03:06.944   718   724 W statsd  : StateTracker not found for state atom 29
03-09 23:03:06.944   718   724 W statsd  : StateTracker not found for state atom 29
03-09 23:03:06.957  2002  2042 I ImeTracker: com.blackview.launcher:eb46c2d1: onRequestHide at ORIGIN_CLIENT_HIDE_SOFT_INPUT reason HIDE_SOFT_INPUT
03-09 23:03:06.958 22840 22840 I A       : onStop
