03-09 23:04:33.606 26775 26775 W ziparchive: Unable to open '/data/app/~~Ta_m-Qm2DB61wuQ3Ki2UBA==/com.example.omnix_dashboard-nF_gPLNm51XC-POwf-Rfrg==/base.dm': No such file or directory
03-09 23:04:33.606 26775 26775 W ziparchive: Unable to open '/data/app/~~Ta_m-Qm2DB61wuQ3Ki2UBA==/com.example.omnix_dashboard-nF_gPLNm51XC-POwf-Rfrg==/base.dm': No such file or directory
03-09 23:04:33.608   755   755 I BufferQueueDebug: [Transition Root: Task=42#2256](this:0xb4000075768948c8,id:-1,api:0,p:-1,c:755) onDestructor()
03-09 23:04:33.627   755   755 I BufferQueueDebug: [f20e2e9 ActivityRecordInputSink com.example.omnix_dashboard/.MainActivity#2237](this:0xb4000075767f23b8,id:-1,api:0,p:-1,c:755) onDestructor()
03-09 23:04:33.627   755   755 I BufferQueueDebug: [Surface(name=cf97a2a StatusBar)/@0x60639f0 - animation-leash of insets_animation#2265](this:0xb400007576800788,id:-1,api:0,p:-1,c:755) onDestructor()
03-09 23:04:33.627   755   755 I BufferQueueDebug: [Surface(name=644a4 NavigationBar0)/@0x28bd233 - animation-leash of insets_animation#2264](this:0xb4000075768062a8,id:-1,api:0,p:-1,c:755) onDestructor()
03-09 23:04:33.628   755   755 E BpTransactionCompletedListener: Failed to transact (-32)
03-09 23:04:33.628   755   755 I BufferQueueDebug: [com.example.omnix_dashboard/com.example.omnix_dashboard.MainActivity#2242](this:0xb400007576809038,id:-1,api:0,p:-1,c:755) onDestructor()
03-09 23:04:33.628   755   755 I BufferQueueDebug: [Bounds for - com.example.omnix_dashboard/com.example.omnix_dashboard.MainActivity#2245](this:0xb400007576891b38,id:-1,api:0,p:-1,c:755) onDestructor()
03-09 23:04:33.628   755   755 I BufferQueueDebug: [SurfaceView[com.example.omnix_dashboard/com.example.omnix_dashboard.MainActivity]#2246](this:0xb4000075768614a8,id:-1,api:0,p:-1,c:755) onDestructor()
03-09 23:04:33.628   755   755 I BufferQueueDebug: [Background for SurfaceView[com.example.omnix_dashboard/com.example.omnix_dashboard.MainActivity]#2248](this:0xb4000075767d89a8,id:-1,api:0,p:-1,c:755) onDestructor()
03-09 23:04:33.628   755   755 E BpTransactionCompletedListener: Failed to transact (-32)
03-09 23:04:33.628   755   755 I BufferQueueDebug: [SurfaceView[com.example.omnix_dashboard/com.example.omnix_dashboard.MainActivity](BLAST)#2247](this:0xb4000075767b9478,id:-1,api:0,p:-1,c:755) onDestructor()
03-09 23:04:33.628   755   755 I BufferQueueDebug: [22925cf com.example.omnix_dashboard/com.example.omnix_dashboard.MainActivity#2241](this:0xb4000075768257d8,id:-1,api:0,p:-1,c:755) onDestructor()
03-09 23:04:33.643   755   755 I BufferQueueDebug: [ActivityRecord{f59cb6e u0 com.example.omnix_dashboard/.MainActivity#2232](this:0xb4000075767de4c8,id:-1,api:0,p:-1,c:755) onDestructor()
03-09 23:04:33.643   755   755 I BufferQueueDebug: [Task=42#2270](this:0xb4000075768809d8,id:-1,api:0,p:-1,c:755) onDestructor()
03-09 23:04:33.647   746   792 I mtkpower@impl: [setMode] type:6, enabled:1
03-09 23:04:33.647   746   792 E mtkpower@impl: [setMode] unknown type
03-09 23:04:33.649   755   755 I BufferQueueProducer: [FramebufferSurface](this:0xb4000074b66af370,id:-1,api:1,p:755,c:755) queueBuffer: fps=0.59 dur=25230.67 max=25002.28 min=14.01
03-09 23:04:33.903   755   755 I BufferQueueProducer: [NavigationBar0#1493](this:0xb4000075767e6d78,id:-1,api:0,p:-1,c:755) queueBuffer: fps=1.34 dur=14929.97 max=14374.61 min=14.06
03-09 23:04:33.906   746   792 I mtkpower@impl: [setMode] type:6, enabled:0
03-09 23:04:33.906   746   792 E mtkpower@impl: [setMode] unknown type
03-09 23:04:33.915  1380 11044 I GED     : ged_boost_gpu_freq, level 100, eOrigin 2, final_idx 2, oppidx_max 2, oppidx_min 0
03-09 23:04:33.922 22840 22920 I GED     : ged_boost_gpu_freq, level 100, eOrigin 2, final_idx 2, oppidx_max 2, oppidx_min 0
03-09 23:04:33.924  2002  2989 I GED     : ged_boost_gpu_freq, level 100, eOrigin 2, final_idx 2, oppidx_max 2, oppidx_min 0
03-09 23:04:33.937   755   755 I BufferQueueDebug: [Transition Root: Task=43#2266](this:0xb40000757681a198,id:-1,api:0,p:-1,c:755) onDestructor()
03-09 23:04:33.953   755   755 I BufferQueueDebug: [665fdc5 ActivityRecordInputSink com.blackview.launcher/com.android.searchlauncher.SearchLauncher#2258](this:0xb4000075768a87b8,id:-1,api:0,p:-1,c:755) onDestructor()
03-09 23:04:34.001 26794 26794 I artd    : Starting artd
03-09 23:04:34.002 26794 26794 I AidlLazyServiceRegistrar: Registering service artd
03-09 23:04:34.006 26794 26794 I AidlLazyServiceRegistrar: Process has 1 (of 1 available) client(s) in use after notification artd has clients: 1
03-09 23:04:34.060  1380  1725 I ActivityManager: Flag disabled. Ignoring finishAttachApplication from uid: 10212. pid: 26775
03-09 23:04:34.066 26775 26775 I M-ProMotion: M-ProMotion is disabled
03-09 23:04:34.077 26775 26803 E QT      : [QT]file does not exist
03-09 23:04:34.143 26775 26805 I ResourceExtractor: Found extracted resources res_timestamp-1-1773090175398
03-09 23:04:34.229 26775 26775 W omnix_dashboard: type=1400 audit(0.0:10074): avc:  denied  { read } for  name="max_map_count" dev="proc" ino=419559 scontext=u:r:untrusted_app:s0:c212,c256,c512,c768 tcontext=u:object_r:proc_max_map_count:s0 tclass=file permissive=0 app=com.example.omnix_dashboard
03-09 23:04:34.247   733  1085 I hwcomposer: [HWCDisplay] [Display_0 (type:1)] fps:60.015415,dur:1016.41,max:32.63,min:11.11  
03-09 23:04:34.259   746   835 I libPerfCtl: xgfGetFPS pid:21016 fps:64
03-09 23:04:34.276 26775 26807 W libc    : Access denied finding property "vendor.debug.forcibly_enable_mtk_ray_tracing"
03-09 23:04:34.495 26775 26807 I flutter : [IMPORTANT:flutter/shell/platform/android/android_context_vk_impeller.cc(62)] Using the Impeller rendering backend (Vulkan).
03-09 23:04:34.510   477   477 I hwservicemanager: getTransport: Cannot find entry android.hardware.configstore@1.0::ISurfaceFlingerConfigs/default in either framework or device VINTF manifest.
03-09 23:04:34.533 26775 26807 I flutter : [IMPORTANT:flutter/shell/platform/android/android_context_gl_impeller.cc(104)] Using the Impeller rendering backend (OpenGLES).
03-09 23:04:34.721 26775 26819 I flutter : The Dart VM service is listening on http://127.0.0.1:46745/qxnr-AbGLRw=/
03-09 23:04:34.917   755   755 I BufferQueueProducer: [NavigationBar0#1493](this:0xb4000075767e6d78,id:-1,api:0,p:-1,c:755) queueBuffer: fps=61.14 dur=1014.12 max=19.57 min=13.93
03-09 23:04:34.997 22388 22435 I Finsky  : [106] Stats for Executor: BlockingExecutor uyy@63f717e[Running, pool size = 0, active threads = 0, queued tasks = 0, completed tasks = 65]
03-09 23:04:34.997 22388 22435 I Finsky  : [106] Stats for Executor: LightweightExecutor uyy@30be6df[Running, pool size = 4, active threads = 0, queued tasks = 0, completed tasks = 272]
03-09 23:04:35.080 22388 22435 I Finsky  : [106] Stats for Executor: bgExecutor uyy@be36f2c[Running, pool size = 4, active threads = 0, queued tasks = 0, completed tasks = 472]
03-09 23:04:35.259   746   835 I libPerfCtl: xgfGetFPS pid:21016 fps:61
03-09 23:04:35.264   733  1085 I hwcomposer: [HWCDisplay] [Display_0 (type:1)] fps:60.973804,dur:1016.83,max:19.96,min:13.79  
03-09 23:04:35.560 26775 26775 I ONYX_TELEMETRY: fsk_live_facade_started action=com.onyx.fsk.SDK_HEARTBEAT connector=broadcast_intent_connector
03-09 23:04:35.571 26775 26775 I SurfaceFactory: [static] sSurfaceFactory = com.mediatek.view.impl.SurfaceFactoryImpl@c436edf
03-09 23:04:35.667 26775 26775 W omnix_dashboard: Accessing hidden method Landroid/view/accessibility/AccessibilityNodeInfo;->getSourceNodeId()J (unsupported,test-api, reflection, allowed)
03-09 23:04:35.667 26775 26775 W omnix_dashboard: Accessing hidden method Landroid/view/accessibility/AccessibilityRecord;->getSourceNodeId()J (unsupported, reflection, allowed)
03-09 23:04:35.667 26775 26775 W omnix_dashboard: Accessing hidden field Landroid/view/accessibility/AccessibilityNodeInfo;->mChildNodeIds:Landroid/util/LongArray; (unsupported, reflection, allowed)
03-09 23:04:35.667 26775 26775 W omnix_dashboard: Accessing hidden method Landroid/util/LongArray;->get(I)J (unsupported, reflection, allowed)
03-09 23:04:35.734  1380  1998 I ActivityManager: Broadcasting: Intent { act=com.onyx.fsk.SDK_HEARTBEAT flg=0x400000 (has extras) }
03-09 23:04:35.736  1380  1998 I ActivityManager: Enqueued broadcast Intent { act=com.onyx.fsk.SDK_HEARTBEAT flg=0x400000 (has extras) }: 0
03-09 23:04:35.737  1380  1405 E ApplicationHelper: Fail to get PackageManager
03-09 23:04:35.738  1380  1405 E MBrainLocalService: MBrainJava launch failed: SecurityException
03-09 23:04:35.742 26775 26775 I Activity: performStart: getPackageName()=com.example.omnix_dashboard
03-09 23:04:35.754 26775 26800 I PowerHalWrapper: PowerHalWrapper.getInstance 
03-09 23:04:35.760 26775 26775 W OpenGLRenderer: Unknown dataspace 0
03-09 23:04:35.770   755   879 E BufferQueueDebug: [5470527 com.example.omnix_dashboard/com.example.omnix_dashboard.MainActivity#2271](this:0xb4000075768809d8,id:-1,api:0,p:-1,c:-1) id info cannot be read from '5470527 com.example.omnix_dashboard/com.example.omnix_dashboard.MainActivity#2271'
03-09 23:04:35.770   755   879 I BufferQueueDebug: [5470527 com.example.omnix_dashboard/com.example.omnix_dashboard.MainActivity#2271](this:0xb4000075768809d8,id:-1,api:0,p:-1,c:-1) BufferQueue core=(755:/system/bin/surfaceflinger)
03-09 23:04:36.116  1576  1576 I WifiHAL : Get link layer stats
03-09 23:04:36.116  1576  1576 I WifiHAL : GetLinkStatsCommand::create
03-09 23:04:36.116  1576  1576 I android.hardware.wifi@1.0-service-lazy: WifiCommand::requestResponse err=-14
03-09 23:04:36.116  1576  1576 I WifiHAL : wifi_get_link_stats: result=-1
03-09 23:04:36.117  1380  1510 E WifiStaIfaceHidlImpl: getLinkLayerStatsV1_5 failed with status: {.code = ERROR_UNKNOWN, .description = unknown}
03-09 23:04:36.259   746   835 I libPerfCtl: xgfGetFPS pid:21016 fps:61
03-09 23:04:36.462 26775 26775 I flutter : Supabase not configured. Running with in-memory ledger repository.
03-09 23:04:36.924 26775 26775 I flutter : Seed complete. Event count: 29
03-09 23:04:38.515   982   982 I thermal_repeater: [recvMdThermalInfo] ret=33, strLen=127,  0, 32767, -127, 0, 32767, -28543
03-09 23:04:39.133  1576  1576 I WifiHAL : Get link layer stats
03-09 23:04:39.134  1576  1576 I WifiHAL : GetLinkStatsCommand::create
03-09 23:04:39.134  1576  1576 I android.hardware.wifi@1.0-service-lazy: WifiCommand::requestResponse err=-14
03-09 23:04:39.134  1576  1576 I WifiHAL : wifi_get_link_stats: result=-1
03-09 23:04:39.134  1380  1510 E WifiStaIfaceHidlImpl: getLinkLayerStatsV1_5 failed with status: {.code = ERROR_UNKNOWN, .description = unknown}
03-09 23:04:41.346 26775 26775 I Choreographer: Skipped 437 frames!  The application may be doing too much work on its main thread.
03-09 23:04:41.588   755   879 E BufferQueueDebug: [com.example.omnix_dashboard/com.example.omnix_dashboard.MainActivity#2272](this:0xb4000075767de4c8,id:-1,api:0,p:-1,c:-1) id info cannot be read from 'com.example.omnix_dashboard/com.example.omnix_dashboard.MainActivity#2272'
03-09 23:04:41.588   755   879 I BufferQueueDebug: [com.example.omnix_dashboard/com.example.omnix_dashboard.MainActivity#2272](this:0xb4000075767de4c8,id:-1,api:0,p:-1,c:-1) BufferQueue core=(755:/system/bin/surfaceflinger)
03-09 23:04:41.592  1380  4728 W WindowManager: Changing focus from null to Window{5470527 u0 com.example.omnix_dashboard/com.example.omnix_dashboard.MainActivity} displayId=0 Callers=com.android.server.wm.RootWindowContainer.updateFocusedWindowLocked:455 com.android.server.wm.WindowManagerService.updateFocusedWindowLocked:6224 com.android.server.wm.WindowManagerService.relayoutWindow:2525 com.android.server.wm.Session.relayout:259 
03-09 23:04:41.593   755   879 E BufferQueueDebug: [Surface(name=644a4 NavigationBar0)/@0x28bd233 - animation-leash of insets_animation#2273](this:0xb4000075768948c8,id:-1,api:0,p:-1,c:-1) id info cannot be read from 'Surface(name=644a4 NavigationBar0)/@0x28bd233 - animation-leash of insets_animation#2273'
03-09 23:04:41.593   755   879 I BufferQueueDebug: [Surface(name=644a4 NavigationBar0)/@0x28bd233 - animation-leash of insets_animation#2273](this:0xb4000075768948c8,id:-1,api:0,p:-1,c:-1) BufferQueue core=(755:/system/bin/surfaceflinger)
03-09 23:04:41.594   755   879 E BufferQueueDebug: [Surface(name=cf97a2a StatusBar)/@0x60639f0 - animation-leash of insets_animation#2274](this:0xb4000075768257d8,id:-1,api:0,p:-1,c:-1) id info cannot be read from 'Surface(name=cf97a2a StatusBar)/@0x60639f0 - animation-leash of insets_animation#2274'
03-09 23:04:41.595   755   879 I BufferQueueDebug: [Surface(name=cf97a2a StatusBar)/@0x60639f0 - animation-leash of insets_animation#2274](this:0xb4000075768257d8,id:-1,api:0,p:-1,c:-1) BufferQueue core=(755:/system/bin/surfaceflinger)
03-09 23:04:41.596  1380  4728 I WindowManager: Relayout Window{5470527 u0 com.example.omnix_dashboard/com.example.omnix_dashboard.MainActivity}: oldVis=4 newVis=0 focusMayChange = true requestedWidth = 720 requestedHeight = 1560 outFrames = ClientWindowFrames{frame=[0,0][720,1560] display=[0,0][720,1560] parentFrame=[0,0][0,0]} outSurfaceControl = Surface(name=com.example.omnix_dashboard/com.example.omnix_dashboard.MainActivity)/@0xc01113b
03-09 23:04:41.599   733  1085 I hwcomposer: [HWCDisplay] [Display_0 (type:1)] fps:4.104040,dur:6335.22,max:5796.70,min:14.33  
03-09 23:04:41.608 26775 26775 E FBI     : Can't load library: dlopen failed: library "libmagtsync.so" not found
03-09 23:04:41.628   755   879 E HWComposer: getSupportedContentTypes: getSupportedContentTypes failed for display 0: Unsupported (8)
03-09 23:04:41.629 26775 26801 E OpenGLRenderer: Unable to match the desired swap behavior.
03-09 23:04:41.633   755   879 E BufferQueueDebug: [Bounds for - com.example.omnix_dashboard/com.example.omnix_dashboard.MainActivity#2275](this:0xb400007576809038,id:-1,api:0,p:-1,c:-1) id info cannot be read from 'Bounds for - com.example.omnix_dashboard/com.example.omnix_dashboard.MainActivity#2275'
03-09 23:04:41.633   755   879 I BufferQueueDebug: [Bounds for - com.example.omnix_dashboard/com.example.omnix_dashboard.MainActivity#2275](this:0xb400007576809038,id:-1,api:0,p:-1,c:-1) BufferQueue core=(755:/system/bin/surfaceflinger)
03-09 23:04:41.634   755   879 E BufferQueueDebug: [SurfaceView[com.example.omnix_dashboard/com.example.omnix_dashboard.MainActivity]#2276](this:0xb400007576891b38,id:-1,api:0,p:-1,c:-1) id info cannot be read from 'SurfaceView[com.example.omnix_dashboard/com.example.omnix_dashboard.MainActivity]#2276'
03-09 23:04:41.634   755   879 I BufferQueueDebug: [SurfaceView[com.example.omnix_dashboard/com.example.omnix_dashboard.MainActivity]#2276](this:0xb400007576891b38,id:-1,api:0,p:-1,c:-1) BufferQueue core=(755:/system/bin/surfaceflinger)
03-09 23:04:41.635   755   879 E BufferQueueDebug: [SurfaceView[com.example.omnix_dashboard/com.example.omnix_dashboard.MainActivity](BLAST)#2277](this:0xb40000757681a198,id:-1,api:0,p:-1,c:-1) id info cannot be read from 'SurfaceView[com.example.omnix_dashboard/com.example.omnix_dashboard.MainActivity](BLAST)#2277'
03-09 23:04:41.636   755   879 I BufferQueueDebug: [SurfaceView[com.example.omnix_dashboard/com.example.omnix_dashboard.MainActivity](BLAST)#2277](this:0xb40000757681a198,id:-1,api:0,p:-1,c:-1) BufferQueue core=(755:/system/bin/surfaceflinger)
03-09 23:04:41.637   755   879 E BufferQueueDebug: [Background for SurfaceView[com.example.omnix_dashboard/com.example.omnix_dashboard.MainActivity]#2278](this:0xb4000075768614a8,id:-1,api:0,p:-1,c:-1) id info cannot be read from 'Background for SurfaceView[com.example.omnix_dashboard/com.example.omnix_dashboard.MainActivity]#2278'
03-09 23:04:41.637   755   879 I BufferQueueDebug: [Background for SurfaceView[com.example.omnix_dashboard/com.example.omnix_dashboard.MainActivity]#2278](this:0xb4000075768614a8,id:-1,api:0,p:-1,c:-1) BufferQueue core=(755:/system/bin/surfaceflinger)
03-09 23:04:41.646   755   755 I BufferQueueDebug: [Surface(name=644a4 NavigationBar0)/@0x28bd233 - animation-leash of insets_animation#2268](this:0xb400007576803518,id:-1,api:0,p:-1,c:755) onDestructor()
03-09 23:04:41.646   755   755 I BufferQueueDebug: [Surface(name=cf97a2a StatusBar)/@0x60639f0 - animation-leash of insets_animation#2269](this:0xb40000757687aeb8,id:-1,api:0,p:-1,c:755) onDestructor()
03-09 23:04:41.646 26775 26807 E ion     : ioctl c0044901 failed with code -1: Invalid argument
03-09 23:04:41.647 26775 26807 W libc    : Access denied finding property "ro.vendor.mbrain.mode"
03-09 23:04:41.729 26775 26775 I ONYX_TELEMETRY: facade_ingest adapter=standard payloadKeys=[activity_state,battery_percent,captured_at_utc,gps_accuracy_meters,heart_rate,movement_level]
03-09 23:04:41.739 26775 26775 I ONYX_TELEMETRY: sdk_callback_received adapter=standard callback_count=1 captured_at_utc=2026-03-09T21:04:36Z
03-09 23:04:41.740  1380  1404 I ActivityManager: Broadcast completed: result=0
03-09 23:04:42.149  1576  1576 I WifiHAL : Get link layer stats
03-09 23:04:42.149  1576  1576 I WifiHAL : GetLinkStatsCommand::create
03-09 23:04:42.149  1576  1576 I android.hardware.wifi@1.0-service-lazy: WifiCommand::requestResponse err=-14
03-09 23:04:42.149  1576  1576 I WifiHAL : wifi_get_link_stats: result=-1
03-09 23:04:42.149  1380  1510 E WifiStaIfaceHidlImpl: getLinkLayerStatsV1_5 failed with status: {.code = ERROR_UNKNOWN, .description = unknown}
03-09 23:04:42.202   755   755 I BufferQueueProducer: [StatusBar#1497](this:0xb400007576866fc8,id:-1,api:0,p:-1,c:755) queueBuffer: fps=0.06 dur=18102.39 max=18102.39 min=18102.39
03-09 23:04:42.666 26775 26807 W libc    : Access denied finding property "ro.vendor.mbrain.mode"
03-09 23:04:42.680   733  1085 I hwcomposer: [HWCDisplay] [Display_0 (type:1)] fps:4.625825,dur:1080.89,max:556.11,min:15.62  
03-09 23:04:42.730 26775 26775 I Choreographer: Skipped 69 frames!  The application may be doing too much work on its main thread.
03-09 23:04:42.773  1380  1725 W WindowManager: finishDrawingWindow: Window{5470527 u0 com.example.omnix_dashboard/com.example.omnix_dashboard.MainActivity} mDrawState=DRAW_PENDING
03-09 23:04:42.775   755  2312 E BufferQueueDebug: [Surface(name=5470527 com.example.omnix_dashboard/com.example.omnix_dashboard.MainActivity)/@0xe568058 - animation-leash of starting_reveal#2279](this:0xb4000075767b9478,id:-1,api:0,p:-1,c:-1) id info cannot be read from 'Surface(name=5470527 com.example.omnix_dashboard/com.example.omnix_dashboard.MainActivity)/@0xe568058 - animation-leash of starting_reveal#2279'
03-09 23:04:42.776   755  2312 I BufferQueueDebug: [Surface(name=5470527 com.example.omnix_dashboard/com.example.omnix_dashboard.MainActivity)/@0xe568058 - animation-leash of starting_reveal#2279](this:0xb4000075767b9478,id:-1,api:0,p:-1,c:-1) BufferQueue core=(755:/system/bin/surfaceflinger)
03-09 23:04:42.778  1380  1408 W WindowManager: real show surface:Surface(name=com.example.omnix_dashboard/com.example.omnix_dashboard.MainActivity)/@0x1ffa5b1
03-09 23:04:42.779  1380  1404 W ziparchive: Unable to open '/data/app/~~Ta_m-Qm2DB61wuQ3Ki2UBA==/com.example.omnix_dashboard-nF_gPLNm51XC-POwf-Rfrg==/base.dm': No such file or directory
03-09 23:04:42.780 26775 26791 I OpenGLRenderer: Davey! duration=1176ms; Flags=1, FrameTimelineVsyncId=808028, IntendedVsync=7547860595029, Vsync=7548990327475, InputEventId=0, HandleInputStart=7548998952832, AnimationStart=7548998967679, PerformTraversalsStart=7548998975602, DrawStart=7549022302986, FrameDeadline=7547880595029, FrameInterval=7548998218063, FrameStartTime=16372934, SyncQueued=7549024938063, SyncStart=7549026723986, IssueDrawCommandsStart=7549027770063, SwapBuffers=7549035366371, FrameCompleted=7549039253525, DequeueBufferDuration=0, QueueBufferDuration=1223077, GpuCompleted=7549039253525, SwapBuffersCompleted=7549038579909, DisplayPresentTime=0, CommandSubmissionCompleted=7549035366371, 
03-09 23:04:42.786   746   792 I mtkpower@impl: [setMode] type:5, enabled:0
03-09 23:04:42.786   746   850 I libPowerHal: [perfLockRel] hdl:1627, idx:0
03-09 23:04:42.787  1380  1404 I ActivityTaskManager: Displayed com.example.omnix_dashboard/.MainActivity for user 0: +9s421ms
03-09 23:04:42.787  1380  1998 I PowerHalWrapper: amsBoostNotify pid:2002,activity:com.android.searchlauncher.SearchLauncher, package:com.blackview.launcher, mProcessCreatePackcom.example.omnix_dashboard 
03-09 23:04:42.787  1380  1998 I PowerHalWrapper: state: 0 
03-09 23:04:42.787  1380  1404 I ActivityTaskManager: Fully drawn com.example.omnix_dashboard/.MainActivity: +9s421ms
03-09 23:04:42.788  1380  1998 I mtkpower_client: [Legacy][PowerHal_Wrap_notifyAppState] com.blackview.launcher/com.android.searchlauncher.SearchLauncher pid=2002 state:0
03-09 23:04:42.788  1380  1404 W ziparchive: Unable to open '/data/app/~~Ta_m-Qm2DB61wuQ3Ki2UBA==/com.example.omnix_dashboard-nF_gPLNm51XC-POwf-Rfrg==/base.dm': No such file or directory
03-09 23:04:42.788   746   850 I libPowerHal: [perfNotifyAppState] pack:com.blackview.launcher, act:com.android.searchlauncher.SearchLauncher, state:0, pid:2002, uid:10172, fps:60
03-09 23:04:42.789  1380  1998 I PowerHalWrapper: amsBoostNotify AMS_BOOST_PROCESS_CREATE_BOOST:true 
03-09 23:04:42.789  1380  1998 I PowerHalWrapper: amsBoostStop AMS_BOOST_PACK_SWITCH:true, AMS_BOOST_ACT_SWITCH:false, AMS_BOOST_PROCESS_CREATE:true 
03-09 23:04:42.790   746   791 I mtkpower@impl: [mtkPowerHint] hint:22, hold:0, ext:30, ext_hold:2000
03-09 23:04:42.790  2002  2989 I GED     : ged_boost_gpu_freq, level 100, eOrigin 2, final_idx 2, oppidx_max 2, oppidx_min 0
03-09 23:04:42.790   746   791 I mtkpower@impl: [mtkPowerHint] hint:21, hold:6000, ext:30, ext_hold:35000
03-09 23:04:42.793   746   850 I libPowerHal: [perfLockRel] hdl:1628, idx:1
03-09 23:04:42.794  1380  1405 E ApplicationHelper: Fail to get PackageManager
03-09 23:04:42.794  1380  1405 E ApplicationHelper: Fail to get PackageManager
03-09 23:04:42.794  1380  1405 E ApplicationHelper: Fail to get PackageManager
03-09 23:04:42.801  1380  1405 E ApplicationHelper: Fail to get PackageManager
03-09 23:04:42.801  1380  1405 E ApplicationHelper: Fail to get PackageManager
03-09 23:04:42.802 21016 21052 E OpenGLRenderer: Unable to match the desired swap behavior.
03-09 23:04:42.804 22840 22840 I A       : onStop
03-09 23:04:42.807   718   724 W statsd  : StateTracker not found for state atom 29
03-09 23:04:42.807   718   724 W statsd  : StateTracker not found for state atom 29
03-09 23:04:42.808   718   724 W statsd  : StateTracker not found for state atom 29
03-09 23:04:42.808   746   850 I libPowerHal: [perfLockAcq] idx:0 hdl:1630 hint:30 pid:746 duration:2000 lock_user:mtkpower@1.0-se => ret_hdl:1630
03-09 23:04:42.811   746   850 E libPowerHal: Could not open '/proc/cpufreq/cpufreq_cci_mode'
03-09 23:04:42.805   746   746 W mtkPowerMsgHdl: type=1400 audit(0.0:10075): avc:  denied  { write } for  name="gpufreq_opp_freq" dev="proc" ino=4026532213 scontext=u:r:mtk_hal_power:s0 tcontext=u:object_r:proc:s0 tclass=file permissive=0
03-09 23:04:42.811   746   850 E libPowerHal: error : 2, No such file or directory
03-09 23:04:42.812  2002  2042 I ImeTracker: com.blackview.launcher:4bd569ae: onRequestHide at ORIGIN_CLIENT_HIDE_SOFT_INPUT reason HIDE_SOFT_INPUT
03-09 23:04:42.813   746   850 E libPowerHal: Could not open '/proc/gpufreq/gpufreq_opp_freq'
03-09 23:04:42.813   746   850 E libPowerHal: error : 13, Permission denied
03-09 23:04:42.821   746   850 E libPowerHal: Could not open '/sys/devices/system/cpu/sched/sched_boost'
03-09 23:04:42.822   746   850 E libPowerHal: error : 2, No such file or directory
03-09 23:04:42.823  1380  1725 I ImeTracker: com.example.omnix_dashboard:a2c49bc7: onRequestHide at ORIGIN_SERVER_HIDE_INPUT reason HIDE_UNSPECIFIED_WINDOW
03-09 23:04:42.823  1380  1725 I ImeTracker: com.example.omnix_dashboard:a2c49bc7: onCancelled at PHASE_SERVER_SHOULD_HIDE
03-09 23:04:42.825   746   850 I libPowerHal: [perfLockAcq] idx:3 hdl:1631 hint:21 pid:746 duration:6000 lock_user:mtkpower@1.0-se => ret_hdl:1631
03-09 23:04:42.825   746   850 E libPowerHal: Could not open '/proc/cpufreq/cpufreq_cci_mode'
03-09 23:04:42.826   746   850 E libPowerHal: error : 2, No such file or directory
03-09 23:04:42.821   746   746 W mtkPowerMsgHdl: type=1400 audit(0.0:10076): avc:  denied  { write } for  name="gpufreq_opp_freq" dev="proc" ino=4026532213 scontext=u:r:mtk_hal_power:s0 tcontext=u:object_r:proc:s0 tclass=file permissive=0
03-09 23:04:42.826   746   850 E libPowerHal: Could not open '/proc/gpufreq/gpufreq_opp_freq'
03-09 23:04:42.826   746   850 E libPowerHal: error : 13, Permission denied
03-09 23:04:42.827   746   850 E libPowerHal: Could not open '/sys/devices/system/cpu/sched/sched_boost'
03-09 23:04:42.827   746   850 E libPowerHal: error : 2, No such file or directory
03-09 23:04:42.828  1380  1770 W InputMethodManagerService: Ignoring hideSoftInput of uid 10172 : com.android.internal.inputmethod.IInputMethodClient$Stub$Proxy@4090270
03-09 23:04:42.828   746   850 I libPowerHal: [perfLockRel] hdl:1629, idx:2
03-09 23:04:42.828  1380  1770 I ImeTracker: com.blackview.launcher:4bd569ae: onCancelled at PHASE_SERVER_CLIENT_FOCUSED
03-09 23:04:42.828   755   755 I BufferQueueProducer: [Splash Screen com.example.omnix_dashboard#2262](this:0xb40000757674d118,id:-1,api:0,p:-1,c:755) queueBuffer: fps=0.11 dur=9383.84 max=9383.84 min=9383.84
03-09 23:04:42.829   746   850 I libPowerHal: [perfLockAcq] idx:1 hdl:1632 hint:30 pid:746 duration:35000 lock_user:mtkpower@1.0-se => ret_hdl:1632
03-09 23:04:42.829   746   850 E libPowerHal: Could not open '/proc/cpufreq/cpufreq_cci_mode'
03-09 23:04:42.829   746   850 E libPowerHal: error : 2, No such file or directory
03-09 23:04:42.829   746   850 E libPowerHal: Could not open '/proc/gpufreq/gpufreq_opp_freq'
03-09 23:04:42.830   746   850 E libPowerHal: error : 13, Permission denied
03-09 23:04:42.830   746   850 E libPowerHal: Could not open '/sys/devices/system/cpu/sched/sched_boost'
03-09 23:04:42.830   746   850 E libPowerHal: error : 2, No such file or directory
03-09 23:04:42.825   746   746 W mtkPowerMsgHdl: type=1400 audit(0.0:10077): avc:  denied  { write } for  name="gpufreq_opp_freq" dev="proc" ino=4026532213 scontext=u:r:mtk_hal_power:s0 tcontext=u:object_r:proc:s0 tclass=file permissive=0
03-09 23:04:42.841 22409 22409 I GoogleInputMethodService: GoogleInputMethodService.onFinishInput():3096 
03-09 23:04:42.844 22409 22409 I GoogleInputMethodService: GoogleInputMethodService.updateDeviceLockedStatus():2210 repeatCheckTimes = 0, locked = false
03-09 23:04:42.845 22409 22409 I GoogleInputMethodService: GoogleInputMethodService.onStartInput():1950 onStartInput(EditorInfo{EditorInfo{packageName=com.example.omnix_dashboard, inputType=0, inputTypeString=NULL, enableLearning=false, autoCorrection=false, autoComplete=false, imeOptions=0, privateImeOptions=null, actionName=UNSPECIFIED, actionLabel=null, initialSelStart=-1, initialSelEnd=-1, initialCapsMode=0, label=null, fieldId=0, fieldName=null, extras=null, hintText=null, hintLocales=[]}}, false)
03-09 23:04:42.846  1380  1405 W System.err: android.content.pm.PackageManager$NameNotFoundException: ru.vk.store
03-09 23:04:42.846  1380  1405 W System.err: 	at android.app.ApplicationPackageManager.getPackageInfoAsUser(ApplicationPackageManager.java:256)
03-09 23:04:42.846  1380  1405 W System.err: 	at android.app.ApplicationPackageManager.getPackageInfo(ApplicationPackageManager.java:216)
03-09 23:04:42.846  1380  1405 W System.err: 	at android.app.ApplicationPackageManager.getPackageInfo(ApplicationPackageManager.java:210)
03-09 23:04:42.846  1380  1405 W System.err: 	at com.android.server.am.ActivityManagerService.hasRuApp(ActivityManagerService.java:1865)
03-09 23:04:42.846  1380  1405 W System.err: 	at com.android.server.am.ActivityManagerService.checkRuState(ActivityManagerService.java:1836)
03-09 23:04:42.846  1380  1405 W System.err: 	at com.android.server.am.ActivityManagerService.-$$Nest$mcheckRuState(ActivityManagerService.java:0)
03-09 23:04:42.846  1380  1405 W System.err: 	at com.android.server.am.ActivityManagerService$UiHandler.handleMessage(ActivityManagerService.java:1805)
03-09 23:04:42.846  1380  1405 W System.err: 	at android.os.Handler.dispatchMessage(Handler.java:106)
03-09 23:04:42.846  1380  1405 W System.err: 	at android.os.Looper.loopOnce(Looper.java:205)
03-09 23:04:42.846  1380  1405 W System.err: 	at android.os.Looper.loop(Looper.java:294)
03-09 23:04:42.846  1380  1405 W System.err: 	at android.os.HandlerThread.run(HandlerThread.java:67)
03-09 23:04:42.846  1380  1405 W System.err: 	at com.android.server.ServiceThread.run(ServiceThread.java:46)
03-09 23:04:42.846  1380  1405 W System.err: 	at com.android.server.UiThread.run(UiThread.java:45)
03-09 23:04:42.852 22409 22409 I GoogleInputMethodService: GoogleInputMethodService.updateDeviceLockedStatus():2210 repeatCheckTimes = 1, locked = false
03-09 23:04:42.853  1380  1405 E ApplicationHelper: Fail to get PackageManager
03-09 23:04:42.854 22409 22409 I AndroidIME: InputBundleManager.loadActiveInputBundleId():450 loadActiveInputBundleId: und-Latn-x-password, password
03-09 23:04:42.854  1380  1405 E ApplicationHelper: Fail to get PackageManager
03-09 23:04:42.854   755  1438 E BufferQueueDebug: [Surface(name=ff30f74 InputMethod)/@0x5413512 - animation-leash of insets_animation#2280](this:0xb4000075768a87b8,id:-1,api:0,p:-1,c:-1) id info cannot be read from 'Surface(name=ff30f74 InputMethod)/@0x5413512 - animation-leash of insets_animation#2280'
03-09 23:04:42.854  1380  1405 E ApplicationHelper: Fail to get PackageManager
03-09 23:04:42.854  1380  1405 E ApplicationHelper: Fail to get PackageManager
03-09 23:04:42.854  1380  1405 E ApplicationHelper: Fail to get PackageManager
03-09 23:04:42.854  1380  1405 E ApplicationHelper: Fail to get PackageManager
03-09 23:04:42.854  1380  1405 E ApplicationHelper: Fail to get PackageManager
03-09 23:04:42.854  1380  1405 E ApplicationHelper: Fail to get PackageManager
03-09 23:04:42.855   755  1438 I BufferQueueDebug: [Surface(name=ff30f74 InputMethod)/@0x5413512 - animation-leash of insets_animation#2280](this:0xb4000075768a87b8,id:-1,api:0,p:-1,c:-1) BufferQueue core=(755:/system/bin/surfaceflinger)
03-09 23:04:42.856  1380  4997 W PackageConfigPersister: App-specific configuration not found for packageName: com.example.omnix_dashboard and userId: 0
03-09 23:04:42.894   755   755 I BufferQueueDebug: [com.blackview.launcher/com.android.searchlauncher.SearchLauncher#2252](this:0xb400007576814678,id:-1,api:0,p:-1,c:755) onDestructor()
03-09 23:04:42.894   755   755 I BufferQueueDebug: [com.blackview.launcher/com.android.searchlauncher.SearchLauncher#2253](this:0xb400007576833ba8,id:-1,api:0,p:-1,c:755) onDestructor()
03-09 23:04:42.907   755   755 I BufferQueueDebug: [Surface(name=ff30f74 InputMethod)/@0x5413512 - animation-leash of insets_animation#2263](this:0xb40000757688c018,id:-1,api:0,p:-1,c:755) onDestructor()
03-09 23:04:42.918  1380  4997 I ActivityManager: Broadcasting: Intent { act=com.onyx.fsk.SDK_HEARTBEAT flg=0x400000 (has extras) }
03-09 23:04:42.920  1380  4997 I ActivityManager: Enqueued broadcast Intent { act=com.onyx.fsk.SDK_HEARTBEAT flg=0x400000 (has extras) }: 0
03-09 23:04:42.925 26775 26775 I ONYX_TELEMETRY: facade_ingest adapter=standard payloadKeys=[activity_state,battery_percent,captured_at_utc,gps_accuracy_meters,heart_rate,movement_level]
03-09 23:04:42.927  1380  1399 W System  : A resource failed to call release. 
03-09 23:04:42.928  1380  1399 W System  : A resource failed to call HardwareBuffer.close. 
03-09 23:04:42.935 26775 26775 I ONYX_TELEMETRY: sdk_callback_received adapter=standard callback_count=2 captured_at_utc=2026-03-09T21:04:43Z
03-09 23:04:42.940  1380  1404 I ActivityManager: Broadcast completed: result=0
03-09 23:04:43.069  1380  1405 E ApplicationHelper: Fail to get PackageManager
03-09 23:04:43.070   718   724 W statsd  : StateTracker not found for state atom 29
03-09 23:04:43.089   755  1438 E BufferQueueDebug: [Surface(name=56d2868 Splash Screen com.example.omnix_dashboard)/@0xc545d21 - animation-leash of window_animation#2281](this:0xb40000757687aeb8,id:-1,api:0,p:-1,c:-1) id info cannot be read from 'Surface(name=56d2868 Splash Screen com.example.omnix_dashboard)/@0xc545d21 - animation-leash of window_animation#2281'
03-09 23:04:43.089   755  1438 I BufferQueueDebug: [Surface(name=56d2868 Splash Screen com.example.omnix_dashboard)/@0xc545d21 - animation-leash of window_animation#2281](this:0xb40000757687aeb8,id:-1,api:0,p:-1,c:-1) BufferQueue core=(755:/system/bin/surfaceflinger)
03-09 23:04:43.094 21016 21048 W WindowOnBackDispatcher: sendCancelIfRunning: isInProgress=falsecallback=android.view.ViewRootImpl$$ExternalSyntheticLambda17@ae94e38
03-09 23:04:43.096  1380  4997 W InputManager-JNI: Input channel object '56d2868 Splash Screen com.example.omnix_dashboard (client)' was disposed without first being removed with the input manager!
03-09 23:04:43.137   755   755 I BufferQueueProducer: [NavigationBar0#1493](this:0xb4000075767e6d78,id:-1,api:0,p:-1,c:755) queueBuffer: fps=5.47 dur=8220.65 max=7498.68 min=14.21
03-09 23:04:43.144 21016 21048 W FrameTracker: Missed App frame:UNKNOWN: 9, 808106, 0, CUJ=J<SPLASHSCREEN_EXIT_ANIM>
03-09 23:04:43.145 21016 21048 W FrameTracker: Missed SF frame:UNKNOWN: 9, 808106, 0, CUJ=J<SPLASHSCREEN_EXIT_ANIM>
03-09 23:04:43.145 21016 21048 W FrameTracker: Missing HWUI jank callback for vsyncId: 808106, CUJ=J<SPLASHSCREEN_EXIT_ANIM>
03-09 23:04:43.145 21016 21048 W FrameTracker: Missed App frame:UNKNOWN: 200, 808128, 75466600, CUJ=J<SPLASHSCREEN_EXIT_ANIM>
03-09 23:04:43.145 21016 21048 W FrameTracker: Missed App frame:UNKNOWN: 72, 808157, 0, CUJ=J<SPLASHSCREEN_EXIT_ANIM>
03-09 23:04:43.145 21016 21048 W FrameTracker: Missing HWUI jank callback for vsyncId: 808157, CUJ=J<SPLASHSCREEN_EXIT_ANIM>
03-09 23:04:43.145 21016 21048 W FrameTracker: Missed SF frame:UNKNOWN: 80, 808185, 65529357, CUJ=J<SPLASHSCREEN_EXIT_ANIM>
03-09 23:04:43.145 21016 21048 W FrameTracker: Missed App frame:UNKNOWN: 24, 808220, 29670178, CUJ=J<SPLASHSCREEN_EXIT_ANIM>
03-09 23:04:43.145 21016 21048 W FrameTracker: Missed SF frame:UNKNOWN: 24, 808220, 29670178, CUJ=J<SPLASHSCREEN_EXIT_ANIM>
03-09 23:04:43.145 21016 21048 W FrameTracker: Missed App frame:JANK_APP_DEADLINE_MISSED, 808234, 25340818, CUJ=J<SPLASHSCREEN_EXIT_ANIM>
03-09 23:04:43.145 21016 21048 W FrameTracker: Missed SF frame:UNKNOWN: 80, 808301, 34356819, CUJ=J<SPLASHSCREEN_EXIT_ANIM>
03-09 23:04:43.145 21016 21048 W FrameTracker: Missed SF frame:UNKNOWN: 80, 808309, 34327921, CUJ=J<SPLASHSCREEN_EXIT_ANIM>
03-09 23:04:43.145 21016 21048 W FrameTracker: Missed SF frame:UNKNOWN: 80, 808317, 0, CUJ=J<SPLASHSCREEN_EXIT_ANIM>
03-09 23:04:43.145 21016 21048 W FrameTracker: Missing HWUI jank callback for vsyncId: 808317, CUJ=J<SPLASHSCREEN_EXIT_ANIM>
03-09 23:04:43.145 21016 21048 W FrameTracker: Missing SF jank callback for vsyncId: 808325, CUJ=J<SPLASHSCREEN_EXIT_ANIM>
03-09 23:04:43.191   746   835 I libPerfCtl: xgfGetFPS pid:21016 fps:64
03-09 23:04:43.299   755   755 I BufferQueueProducer: [StatusBar#1497](this:0xb400007576866fc8,id:-1,api:0,p:-1,c:755) queueBuffer: fps=7.30 dur=1096.63 max=625.46 min=14.04
03-09 23:04:43.299   755   755 I BufferQueueDebug: [Splash Screen com.example.omnix_dashboard#2262](this:0xb40000757674d118,id:-1,api:0,p:-1,c:755) onDestructor()
03-09 23:04:43.300   755   755 I BufferQueueDebug: [56d2868 Splash Screen com.example.omnix_dashboard#2261](this:0xb40000757681cf28,id:-1,api:0,p:-1,c:755) onDestructor()
03-09 23:04:43.300   755   755 I BufferQueueDebug: [Surface(name=56d2868 Splash Screen com.example.omnix_dashboard)/@0xc545d21 - animation-leash of window_animation#2281](this:0xb40000757687aeb8,id:-1,api:0,p:-1,c:755) onDestructor()
03-09 23:04:43.693   733  1085 I hwcomposer: [HWCDisplay] [Display_0 (type:1)] fps:54.270226,dur:1013.45,max:98.51,min:11.18  
03-09 23:04:43.792  1380  1589 I mtkpower_client: perf_lock_acq, hdl:1624, dur:3000, num:2, pid:1380, tid:1589
03-09 23:04:43.789   746   746 W mtkPowerMsgHdl: type=1400 audit(0.0:10078): avc:  denied  { write } for  name="gpufreq_opp_freq" dev="proc" ino=4026532213 scontext=u:r:mtk_hal_power:s0 tcontext=u:object_r:proc:s0 tclass=file permissive=0
03-09 23:04:43.793   746   850 I libPowerHal: [perfLockAcq] idx:2 hdl:1633 hint:-1 pid:1380 duration:3000 lock_user:system_server => ret_hdl:1633
03-09 23:04:43.793   746   850 E libPowerHal: Could not open '/proc/cpufreq/cpufreq_cci_mode'
03-09 23:04:43.793   746   850 E libPowerHal: error : 2, No such file or directory
03-09 23:04:43.793   746   850 E libPowerHal: Could not open '/proc/gpufreq/gpufreq_opp_freq'
03-09 23:04:43.793   746   850 E libPowerHal: error : 13, Permission denied
03-09 23:04:43.794   746   850 E libPowerHal: Could not open '/sys/devices/system/cpu/sched/sched_boost'
03-09 23:04:43.794   746   850 E libPowerHal: error : 2, No such file or directory
03-09 23:04:43.794   746   850 I SbeHandle: end_default_hold_time HindID : 21
03-09 23:04:43.794   746   850 I libPowerHal: [disableScenarioByHintId] Disable HindID : 21
03-09 23:04:43.794   746   850 I libPowerHal: [disableScenarioByHintId] disableScenarioByHintId: HindID : 21
03-09 23:04:43.794  1380  1589 I mtkpower_client: ret_hdl:1633
03-09 23:04:43.794  1380  1589 I mtkpower_client: perf_lock_rel, hdl:1633, tid:1589
03-09 23:04:43.794   746   850 I libPowerHal: MTKPOWER_HINT_PROCESS_CREATE: cpu_ctrl set cpu freq: -1 -1 -1 -1
03-09 23:04:43.794   746   850 I libPowerHal: [PD] MTKPOWER_HINT_PROCESS_CREATE update cmd:1000000, param:1
03-09 23:04:43.794   746   850 I libPowerHal: [PD] MTKPOWER_HINT_PROCESS_CREATE update cmd:1408300 param:40
03-09 23:04:43.795   746   850 I libPowerHal: [PD] MTKPOWER_HINT_PROCESS_CREATE update cmd:1000000 param:1
03-09 23:04:43.795   746   850 I libPowerHal: [PE] system_server update cmd:3410300 param:21
03-09 23:04:43.796   746   850 I libPowerHal: [perfLockRel] hdl:1633, idx:2
03-09 23:04:43.796   746   850 I SbeHandle: end_default_hold_time HindID : 21
03-09 23:04:43.797   746   850 I libPowerHal: [disableScenarioByHintId] Disable HindID : 21
03-09 23:04:43.797   746   850 I libPowerHal: [PD] system_server update ONESHOT cmd:3410300 param:21
03-09 23:04:44.054  1380  5606 I ActivityManager: Broadcasting: Intent { act=com.onyx.fsk.SDK_HEARTBEAT flg=0x400000 (has extras) }
03-09 23:04:44.055  1380  5606 I ActivityManager: Enqueued broadcast Intent { act=com.onyx.fsk.SDK_HEARTBEAT flg=0x400000 (has extras) }: 0
03-09 23:04:44.059 26775 26775 I ONYX_TELEMETRY: facade_ingest adapter=standard payloadKeys=[activity_state,battery_percent,captured_at_utc,gps_accuracy_meters,heart_rate,movement_level]
03-09 23:04:44.071 26775 26775 I ONYX_TELEMETRY: sdk_callback_received adapter=standard callback_count=3 captured_at_utc=2026-03-09T21:04:44Z
03-09 23:04:44.073  1380  1404 I ActivityManager: Broadcast completed: result=0
03-09 23:04:44.152   755   755 I BufferQueueProducer: [NavigationBar0#1493](this:0xb4000075767e6d78,id:-1,api:0,p:-1,c:755) queueBuffer: fps=61.10 dur=1014.73 max=19.63 min=14.16
03-09 23:04:44.192   746   835 I libPerfCtl: xgfGetFPS pid:21016 fps:64
03-09 23:04:44.695   733  1085 I hwcomposer: [HWCDisplay] [Display_0 (type:1)] fps:43.940674,dur:1001.35,max:81.28,min:12.40  
03-09 23:04:44.823   746   850 I mtkpower@impl: [powerd_req] TIMER_MSG_PERF_LOCK_TIMEOUT hdl:1630
03-09 23:04:44.823   746   850 I libPowerHal: [perfLockRel] hdl:1630, idx:0
03-09 23:04:45.166  1576  1576 I WifiHAL : Get link layer stats
03-09 23:04:45.166  1576  1576 I WifiHAL : GetLinkStatsCommand::create
03-09 23:04:45.166  1576  1576 I android.hardware.wifi@1.0-service-lazy: WifiCommand::requestResponse err=-14
03-09 23:04:45.166  1576  1576 I WifiHAL : wifi_get_link_stats: result=-1
03-09 23:04:45.167  1380  1510 E WifiStaIfaceHidlImpl: getLinkLayerStatsV1_5 failed with status: {.code = ERROR_UNKNOWN, .description = unknown}
03-09 23:04:45.184  1380  4997 I ActivityManager: Broadcasting: Intent { act=com.onyx.fsk.SDK_HEARTBEAT flg=0x400000 (has extras) }
03-09 23:04:45.185  1380  4997 I ActivityManager: Enqueued broadcast Intent { act=com.onyx.fsk.SDK_HEARTBEAT flg=0x400000 (has extras) }: 0
03-09 23:04:45.188 26775 26775 I ONYX_TELEMETRY: facade_ingest adapter=standard payloadKeys=[activity_state,battery_percent,captured_at_utc,gps_accuracy_meters,heart_rate,movement_level]
03-09 23:04:45.193   746   835 I libPerfCtl: xgfGetFPS pid:21016 fps:27
03-09 23:04:45.197 26775 26775 I ONYX_TELEMETRY: sdk_callback_received adapter=standard callback_count=4 captured_at_utc=2026-03-09T21:04:45Z
03-09 23:04:45.199  1380  1404 I ActivityManager: Broadcast completed: result=0
03-09 23:04:46.312  1380  4997 I ActivityManager: Broadcasting: Intent { act=com.onyx.fsk.SDK_HEARTBEAT flg=0x400000 (has extras) }
03-09 23:04:46.313  1380  4997 I ActivityManager: Enqueued broadcast Intent { act=com.onyx.fsk.SDK_HEARTBEAT flg=0x400000 (has extras) }: 0
03-09 23:04:46.316 26775 26775 I ONYX_TELEMETRY: facade_ingest adapter=standard payloadKeys=[activity_state,battery_percent,captured_at_utc,gps_accuracy_meters,heart_rate,movement_level]
03-09 23:04:46.326 26775 26775 I ONYX_TELEMETRY: sdk_callback_received adapter=standard callback_count=5 captured_at_utc=2026-03-09T21:04:46Z
03-09 23:04:46.327  1380  1404 I ActivityManager: Broadcast completed: result=0
03-09 23:04:47.810 26794 26794 I AidlLazyServiceRegistrar: Process has 0 (of 1 available) client(s) in use after notification artd has clients: 0
03-09 23:04:47.810 26794 26794 I AidlLazyServiceRegistrar: Trying to shut down the service. No clients in use for any service in process.
03-09 23:04:47.812 26794 26794 I AidlLazyServiceRegistrar: Unregistered all clients and exiting
03-09 23:04:48.179  1576  1576 I WifiHAL : Get link layer stats
03-09 23:04:48.180  1576  1576 I WifiHAL : GetLinkStatsCommand::create
03-09 23:04:48.180  1576  1576 I android.hardware.wifi@1.0-service-lazy: WifiCommand::requestResponse err=-14
03-09 23:04:48.180  1576  1576 I WifiHAL : wifi_get_link_stats: result=-1
03-09 23:04:48.181  1380  1510 E WifiStaIfaceHidlImpl: getLinkLayerStatsV1_5 failed with status: {.code = ERROR_UNKNOWN, .description = unknown}
